Rx CB
AP start
OSPI SM IRQ
Polling CB
StatMatch Busy=0 Instr=00
Angle Tgt:0 Now:-2 Err:2 SpdOut:21 SpdNow:-20 YawOut:4
Angle Tgt:0 Now:-3 Err:3 SpdOut:32 SpdNow:17 YawOut:1
Angle Tgt:0 Now:-4 Err:4 SpdOut:49 SpdNow:0 YawOut:8
Angle Tgt:0 Now:-4 Err:4 SpdOut:46 SpdNow:4 YawOut:9
Angle Tgt:0 Now:-5 Err:5 SpdOut:58 SpdNow:13 YawOut:12
Angle Tgt:0 Now:-5 Err:5 SpdOut:56 SpdNow:14 YawOut:14
Angle Tgt:0 Now:-5 Err:5 SpdOut:51 SpdNow:12 YawOut:16
Angle Tgt:0 Now:-4 Err:4 SpdOut:44 SpdNow:-8 YawOut:20
Angle Tgt:0 Now:-4 Err:4 SpdOut:42 SpdNow:-3 YawOut:21
Angle Tgt:0 Now:-3 Err:3 SpdOut:38 SpdNow:12 YawOut:20
Angle Tgt:0 Now:-3 Err:3 SpdOut:36 SpdNow:-14 YawOut:25
Angle Tgt:0 Now:-4 Err:4 SpdOut:44 SpdNow:-4 YawOut:26
Angle Tgt:0 Now:-2 Err:2 SpdOut:20 SpdNow:3 YawOut:22
Angle Tgt:0 Now:0 Err:0 SpdOut:9 SpdNow:-5 YawOut:22
Angle Tgt:0 Now:-1 Err:1 SpdOut:13 SpdNow:1 YawOut:22
Angle Tgt:0 Now:0 Err:0 SpdOut:5 SpdNow:0 YawOut:22
Angle Tgt:0 Now:-1 Err:1 SpdOut:15 SpdNow:12 YawOut:22
Angle Tgt:0 Now:0 Err:0 SpdOut:9 SpdNow:8 YawOut:23
Angle Tgt:0 Now:-1 Err:1 SpdOut:11 SpdNow:15 YawOut:23
Angle Tgt:0 Now:-1 Err:1 SpdOut:12 SpdNow:6 YawOut:23
Angle Tgt:0 Now:0 Err:0 SpdOut:9 SpdNow:1 YawOut:23
Angle Tgt:0 Now:-1 Err:1 SpdOut:10 SpdNow:15 YawOut:24
Angle Tgt:0 Now:0 Err:0 SpdOut:7 SpdNow:-7 YawOut:24
Angle Tgt:0 Now:0 Err:0 SpdOut:5 SpdNow:16 YawOut:24
Angle Tgt:0 Now:-2 Err:2 SpdOut:23 SpdNow:17 YawOut:24
Angle Tgt:0 Now:-1 Err:1 SpdOut:13 SpdNow:4 YawOut:24
Angle Tgt:0 Now:-1 Err:1 SpdOut:11 SpdNow:14 YawOut:24
Angle Tgt:0 Now:0 Err:0 SpdOut:6 SpdNow:4 YawOut:24
Angle Tgt:0 Now:1 Err:-1 SpdOut:-10 SpdNow:5 YawOut:23
Angle Tgt:0 Now:0 Err:0 SpdOut:-9 SpdNow:10 YawOut:22
Angle Tgt:0 Now:1 Err:-1 SpdOut:-17 SpdNow:-9 YawOut:23
Angle Tgt:0 Now:2 Err:-2 SpdOut:-23 SpdNow:-11 YawOut:22
Angle Tgt:0 Now:3 Err:-3 SpdOut:-32 SpdNow:-4 YawOut:19
Angle Tgt:0 Now:2 Err:-2 SpdOut:-28 SpdNow:-19 YawOut:20
Angle Tgt:0 Now:2 Err:-2 SpdOut:-20 SpdNow:-7 YawOut:19
Angle Tgt:0 Now:1 Err:-1 SpdOut:-19 SpdNow:0 YawOut:18
Angle Tgt:0 Now:1 Err:-1 SpdOut:-12 SpdNow:-32 YawOut:20
Angle Tgt:0 Now:1 Err:-1 SpdOut:-12 SpdNow:6 YawOut:17
Angle Tgt:0 Now:0 Err:0 SpdOut:-1 SpdNow:-16 YawOut:19
Angle Tgt:0 Now:1 Err:-1 SpdOut:-19 SpdNow:-14 YawOut:18
Angle Tgt:0 Now:1 Err:-1 SpdOut:-17 SpdNow:-1 YawOut:16
Angle Tgt:0 Now:1 Err:-1 SpdOut:-17 SpdNow:18 YawOut:12
Angle Tgt:0 Now:0 Err:0 SpdOut:-7 SpdNow:0 YawOut:16
Angle Tgt:0 Now:0 Err:0 SpdOut:0 SpdNow:-15 YawOut:17
Angle Tgt:0 Now:0 Err:0 SpdOut:-1 SpdNow:-12 YawOut:16
Angle Tgt:0 Now:0 Err:0 SpdOut:3 SpdNow:6 YawOut:16
Angle Tgt:0 Now:0 Err:0 SpdOut:3 SpdNow:-7 YawOut:16
Angle Tgt:0 Now:0 Err:0 SpdOut:4 SpdNow:-31 YawOut:20
Angle Tgt:0 Now:-1 Err:1 SpdOut:14 SpdNow:8 YawOut:17
Angle Tgt:0 Now:-2 Err:2 SpdOut:25 SpdNow:5 YawOut:19
Angle Tgt:800 Now:60 Err:739 SpdOut:7399 SpdNow:7473 YawOut:59
Angle Tgt:800 Now:597 Err:202 SpdOut:2028 SpdNow:2359 YawOut:-18
Angle Tgt:800 Now:702 Err:97 SpdOut:979 SpdNow:801 YawOut:51
Angle Tgt:800 Now:781 Err:18 SpdOut:189 SpdNow:88 YawOut:43
Angle Tgt:800 Now:799 Err:0 SpdOut:7 SpdNow:-9 YawOut:34
Angle Tgt:-800 Now:663 Err:-1463 SpdOut:-14636 SpdNow:-11773 YawOut:-543
Angle Tgt:-800 Now:-188 Err:-611 SpdOut:-6119 SpdNow:-6712 YawOut:32
Angle Tgt:-800 Now:-534 Err:-265 SpdOut:-2654 SpdNow:-2721 YawOut:-31
Angle Tgt:-800 Now:-676 Err:-123 SpdOut:-1230 SpdNow:-1120 YawOut:-61
Angle Tgt:-800 Now:-740 Err:-59 SpdOut:-598 SpdNow:-457 YawOut:-74
Angle Tgt:800 Now:-628 Err:1428 SpdOut:14283 SpdNow:12141 YawOut:400
Angle Tgt:800 Now:294 Err:505 SpdOut:5059 SpdNow:5560 YawOut:-55
Angle Tgt:800 Now:617 Err:182 SpdOut:1824 SpdNow:1763 YawOut:11
Angle Tgt:800 Now:727 Err:72 SpdOut:722 SpdNow:625 YawOut:19
Angle Tgt:800 Now:762 Err:37 SpdOut:373 SpdNow:212 YawOut:39
Angle Tgt:800 Now:778 Err:21 SpdOut:219 SpdNow:123 YawOut:37
Angle Tgt:800 Now:786 Err:13 SpdOut:131 SpdNow:84 YawOut:35
Angle Tgt:800 Now:791 Err:8 SpdOut:82 SpdNow:43 YawOut:37
Angle Tgt:800 Now:794 Err:5 SpdOut:54 SpdNow:29 YawOut:36
Angle Tgt:800 Now:796 Err:3 SpdOut:37 SpdNow:-2 YawOut:40
Angle Tgt:-800 Now:614 Err:-1414 SpdOut:-14141 SpdNow:-13411 YawOut:-226
Angle Tgt:-800 Now:-332 Err:-467 SpdOut:-4677 SpdNow:-5169 YawOut:21
Angle Tgt:-800 Now:-625 Err:-174 SpdOut:-1742 SpdNow:-1663 YawOut:-50
Angle Tgt:-800 Now:-721 Err:-78 SpdOut:-783 SpdNow:-655 YawOut:-66
Angle Tgt:-800 Now:-757 Err:-42 SpdOut:-420 SpdNow:-285 YawOut:-76
Angle Tgt:-800 Now:-776 Err:-23 SpdOut:-237 SpdNow:-138 YawOut:-77
Angle Tgt:-800 Now:-785 Err:-14 SpdOut:-142 SpdNow:-79 YawOut:-76
Angle Tgt:-800 Now:-790 Err:-9 SpdOut:-90 SpdNow:-17 YawOut:-81
Angle Tgt:-800 Now:-793 Err:-6 SpdOut:-62 SpdNow:-3 YawOut:-81
Angle Tgt:-800 Now:-795 Err:-4 SpdOut:-45 SpdNow:-35 YawOut:-75
Angle Tgt:800 Now:-572 Err:1372 SpdOut:13726 SpdNow:13936 YawOut:47
Angle Tgt:800 Now:340 Err:459 SpdOut:4592 SpdNow:5043 YawOut:-55
Angle Tgt:800 Now:633 Err:166 SpdOut:1661 SpdNow:1638 YawOut:2
Angle Tgt:800 Now:733 Err:66 SpdOut:666 SpdNow:569 YawOut:18
Angle Tgt:800 Now:764 Err:35 SpdOut:353 SpdNow:187 YawOut:39
Angle Tgt:-800 Now:528 Err:-1328 SpdOut:-13287 SpdNow:-14089 YawOut:-12
Angle Tgt:-800 Now:-356 Err:-443 SpdOut:-4435 SpdNow:-4920 YawOut:12
Angle Tgt:-800 Now:-635 Err:-164 SpdOut:-1649 SpdNow:-1599 YawOut:-52
Angle Tgt:-800 Now:-727 Err:-72 SpdOut:-729 SpdNow:-582 YawOut:-73
Angle Tgt:-800 Now:-762 Err:-37 SpdOut:-371 SpdNow:-262 YawOut:-74
Angle Tgt:-800 Now:-777 Err:-22 SpdOut:-225 SpdNow:-106 YawOut:-83
Angle Tgt:-800 Now:-783 Err:-16 SpdOut:-166 SpdNow:-43 YawOut:-91
Angle Tgt:-800 Now:-787 Err:-12 SpdOut:-128 SpdNow:-49 YawOut:-90
Angle Tgt:-800 Now:-790 Err:-9 SpdOut:-99 SpdNow:-36 YawOut:-92
Angle Tgt:-800 Now:-792 Err:-7 SpdOut:-74 SpdNow:-33 YawOut:-92
Angle Tgt:800 Now:-496 Err:1296 SpdOut:12965 SpdNow:13750 YawOut:-58
Angle Tgt:800 Now:361 Err:438 SpdOut:4388 SpdNow:4728 YawOut:-51
Angle Tgt:800 Now:634 Err:165 SpdOut:1652 SpdNow:1568 YawOut:5
Angle Tgt:800 Now:731 Err:68 SpdOut:689 SpdNow:566 YawOut:18
Angle Tgt:800 Now:766 Err:33 SpdOut:338 SpdNow:184 YawOut:31
Angle Tgt:800 Now:777 Err:22 SpdOut:221 SpdNow:46 YawOut:44
Angle Tgt:800 Now:784 Err:15 SpdOut:159 SpdNow:44 YawOut:42
Angle Tgt:800 Now:788 Err:11 SpdOut:117 SpdNow:48 YawOut:41
Angle Tgt:800 Now:791 Err:8 SpdOut:83 SpdNow:22 YawOut:43
Angle Tgt:800 Now:793 Err:6 SpdOut:60 SpdNow:5 YawOut:45
Angle Tgt:-800 Now:446 Err:-1246 SpdOut:-12466 SpdNow:-14187 YawOut:146
Angle Tgt:-800 Now:-377 Err:-422 SpdOut:-4223 SpdNow:-4532 YawOut:-2
Angle Tgt:-800 Now:-634 Err:-165 SpdOut:-1657 SpdNow:-1502 YawOut:-63
Angle Tgt:-800 Now:-721 Err:-78 SpdOut:-783 SpdNow:-638 YawOut:-70
Angle Tgt:-800 Now:-755 Err:-44 SpdOut:-445 SpdNow:-219 YawOut:-93
Angle Tgt:800 Now:-395 Err:1195 SpdOut:11953 SpdNow:13305 YawOut:-130
Angle Tgt:800 Now:401 Err:398 SpdOut:3982 SpdNow:4382 YawOut:-50
Angle Tgt:800 Now:653 Err:146 SpdOut:1466 SpdNow:1403 YawOut:9
Angle Tgt:800 Now:739 Err:60 SpdOut:604 SpdNow:452 YawOut:28
Angle Tgt:800 Now:771 Err:28 SpdOut:285 SpdNow:182 YawOut:27
Angle Tgt:-800 Now:366 Err:-1166 SpdOut:-11660 SpdNow:-13844 YawOut:200
Angle Tgt:-800 Now:-407 Err:-392 SpdOut:-3927 SpdNow:-4359 YawOut:2
Angle Tgt:-800 Now:-650 Err:-149 SpdOut:-1492 SpdNow:-1456 YawOut:-54
Angle Tgt:-800 Now:-730 Err:-69 SpdOut:-695 SpdNow:-522 YawOut:-81
Angle Tgt:-800 Now:-757 Err:-42 SpdOut:-420 SpdNow:-223 YawOut:-97
Angle Tgt:800 Now:-325 Err:1125 SpdOut:11257 SpdNow:12961 YawOut:-192
Angle Tgt:800 Now:418 Err:381 SpdOut:3815 SpdNow:4168 YawOut:-46
Angle Tgt:800 Now:658 Err:141 SpdOut:1416 SpdNow:1360 YawOut:6
Angle Tgt:800 Now:741 Err:58 SpdOut:586 SpdNow:444 YawOut:24
Angle Tgt:800 Now:770 Err:29 SpdOut:297 SpdNow:187 YawOut:28
Angle Tgt:-800 Now:298 Err:-1098 SpdOut:-10986 SpdNow:-13061 YawOut:189
Angle Tgt:-800 Now:-428 Err:-371 SpdOut:-3714 SpdNow:-4141 YawOut:1
Angle Tgt:-800 Now:-656 Err:-143 SpdOut:-1436 SpdNow:-1321 YawOut:-68
Angle Tgt:-800 Now:-730 Err:-69 SpdOut:-693 SpdNow:-452 YawOut:-95
Angle Tgt:-800 Now:-760 Err:-39 SpdOut:-399 SpdNow:-263 YawOut:-91
Angle Tgt:-800 Now:-775 Err:-24 SpdOut:-243 SpdNow:-137 YawOut:-94
Angle Tgt:-800 Now:-782 Err:-17 SpdOut:-170 SpdNow:-60 YawOut:-101
Angle Tgt:-800 Now:-787 Err:-12 SpdOut:-125 SpdNow:-38 YawOut:-103
Angle Tgt:-800 Now:-791 Err:-8 SpdOut:-88 SpdNow:-27 YawOut:-103
Angle Tgt:-800 Now:-793 Err:-6 SpdOut:-64 SpdNow:-4 YawOut:-105
Angle Tgt:800 Now:-268 Err:1068 SpdOut:10689 SpdNow:12437 YawOut:-226
Angle Tgt:800 Now:427 Err:372 SpdOut:3724 SpdNow:3939 YawOut:-40
Angle Tgt:800 Now:654 Err:145 SpdOut:1453 SpdNow:1321 YawOut:8
Angle Tgt:800 Now:736 Err:63 SpdOut:630 SpdNow:520 YawOut:14
Angle Tgt:800 Now:767 Err:32 SpdOut:325 SpdNow:160 YawOut:32
Angle Tgt:-800 Now:212 Err:-1012 SpdOut:-10125 SpdNow:-11767 YawOut:131
Angle Tgt:-800 Now:-449 Err:-350 SpdOut:-3507 SpdNow:-3904 YawOut:-1
Angle Tgt:-800 Now:-663 Err:-136 SpdOut:-1368 SpdNow:-1311 YawOut:-60
Angle Tgt:-800 Now:-732 Err:-67 SpdOut:-672 SpdNow:-480 YawOut:-90
Angle Tgt:-800 Now:-760 Err:-39 SpdOut:-398 SpdNow:-204 YawOut:-101
Angle Tgt:800 Now:-199 Err:999 SpdOut:9992 SpdNow:11790 YawOut:-221
Angle Tgt:800 Now:457 Err:342 SpdOut:3421 SpdNow:3674 YawOut:-35
Angle Tgt:800 Now:670 Err:129 SpdOut:1293 SpdNow:1178 YawOut:14
Angle Tgt:800 Now:743 Err:56 SpdOut:561 SpdNow:459 YawOut:20
Angle Tgt:800 Now:774 Err:25 SpdOut:254 SpdNow:160 YawOut:23
Angle Tgt:0 Now:464 Err:-464 SpdOut:-4640 SpdNow:-4846 YawOut:5
Angle Tgt:0 Now:170 Err:-170 SpdOut:-1709 SpdNow:-1669 YawOut:-18
Angle Tgt:0 Now:73 Err:-73 SpdOut:-731 SpdNow:-579 YawOut:-40
Angle Tgt:0 Now:40 Err:-40 SpdOut:-407 SpdNow:-225 YawOut:-56
Angle Tgt:0 Now:25 Err:-25 SpdOut:-250 SpdNow:-103 YawOut:-60
Angle Tgt:0 Now:16 Err:-16 SpdOut:-169 SpdNow:-81 YawOut:-58
Angle Tgt:0 Now:12 Err:-12 SpdOut:-120 SpdNow:-42 YawOut:-62
Angle Tgt:0 Now:8 Err:-8 SpdOut:-87 SpdNow:-38 YawOut:-61
Angle Tgt:0 Now:6 Err:-6 SpdOut:-64 SpdNow:-12 YawOut:-64
Angle Tgt:0 Now:4 Err:-4 SpdOut:-47 SpdNow:-26 YawOut:-61
Angle Tgt:500 Now:214 Err:285 SpdOut:2855 SpdNow:2771 YawOut:-19
Angle Tgt:500 Now:384 Err:115 SpdOut:1151 SpdNow:872 YawOut:17
Angle Tgt:500 Now:443 Err:56 SpdOut:562 SpdNow:337 YawOut:23
Angle Tgt:500 Now:466 Err:33 SpdOut:333 SpdNow:148 YawOut:29
Angle Tgt:500 Now:480 Err:19 SpdOut:191 SpdNow:125 YawOut:19
Angle Tgt:500 Now:490 Err:9 SpdOut:93 SpdNow:76 YawOut:13
Angle Tgt:500 Now:496 Err:3 SpdOut:38 SpdNow:47 YawOut:12
Angle Tgt:500 Now:499 Err:0 SpdOut:7 SpdNow:23 YawOut:11
Angle Tgt:500 Now:500 Err:0 SpdOut:-6 SpdNow:-23 YawOut:13
Angle Tgt:500 Now:501 Err:-1 SpdOut:-10 SpdNow:10 YawOut:10
Angle Tgt:-500 Now:37 Err:-537 SpdOut:-5371 SpdNow:-5741 YawOut:14
Angle Tgt:-500 Now:-296 Err:-203 SpdOut:-2030 SpdNow:-2003 YawOut:-32
Angle Tgt:-500 Now:-409 Err:-90 SpdOut:-902 SpdNow:-727 YawOut:-61
Angle Tgt:-500 Now:-451 Err:-48 SpdOut:-489 SpdNow:-331 YawOut:-70
Angle Tgt:-500 Now:-471 Err:-28 SpdOut:-283 SpdNow:-178 YawOut:-70
Angle Tgt:-500 Now:-482 Err:-17 SpdOut:-177 SpdNow:-78 YawOut:-75
Angle Tgt:-500 Now:-487 Err:-12 SpdOut:-125 SpdNow:-53 YawOut:-76
Angle Tgt:-500 Now:-491 Err:-8 SpdOut:-89 SpdNow:-4 YawOut:-82
Angle Tgt:-500 Now:-493 Err:-6 SpdOut:-64 SpdNow:-1 YawOut:-81
Angle Tgt:-500 Now:-495 Err:-4 SpdOut:-46 SpdNow:-5 YawOut:-80
Angle Tgt:1000 Now:213 Err:786 SpdOut:7868 SpdNow:8654 YawOut:-92
Angle Tgt:1000 Now:716 Err:283 SpdOut:2839 SpdNow:2863 YawOut:-5
Angle Tgt:1000 Now:887 Err:112 SpdOut:1124 SpdNow:970 YawOut:20
Angle Tgt:1000 Now:947 Err:52 SpdOut:526 SpdNow:357 YawOut:34
Angle Tgt:1000 Now:970 Err:29 SpdOut:293 SpdNow:96 YawOut:48
Angle Tgt:1000 Now:979 Err:20 SpdOut:202 SpdNow:54 YawOut:51
Angle Tgt:1000 Now:985 Err:14 SpdOut:143 SpdNow:32 YawOut:52
Angle Tgt:1000 Now:989 Err:10 SpdOut:101 SpdNow:31 YawOut:51
Angle Tgt:1000 Now:993 Err:6 SpdOut:69 SpdNow:7 YawOut:52
Angle Tgt:1000 Now:995 Err:4 SpdOut:45 SpdNow:37 YawOut:46
Angle Tgt:-1000 Now:14 Err:-1014 SpdOut:-10146 SpdNow:-11903 YawOut:134
Angle Tgt:-1000 Now:-649 Err:-350 SpdOut:-3504 SpdNow:-3852 YawOut:-19
Angle Tgt:-1000 Now:-847 Err:-152 SpdOut:-1529 SpdNow:-1404 YawOut:-87
Angle Tgt:-1000 Now:-919 Err:-80 SpdOut:-809 SpdNow:-598 YawOut:-112
Angle Tgt:-1000 Now:-953 Err:-46 SpdOut:-466 SpdNow:-291 YawOut:-118
Angle Tgt:-1000 Now:-971 Err:-28 SpdOut:-281 SpdNow:-170 YawOut:-117
Angle Tgt:-1000 Now:-985 Err:-14 SpdOut:-141 SpdNow:-124 YawOut:-106
Angle Tgt:-1000 Now:-995 Err:-4 SpdOut:-49 SpdNow:-87 YawOut:-100
Angle Tgt:-1000 Now:-999 Err:0 SpdOut:-3 SpdNow:-33 YawOut:-100
Angle Tgt:-1000 Now:-1001 Err:1 SpdOut:16 SpdNow:-16 YawOut:-99
Angle Tgt:1500 Now:258 Err:1241 SpdOut:12413 SpdNow:15020 YawOut:-229
Angle Tgt:1500 Now:1122 Err:377 SpdOut:3776 SpdNow:4429 YawOut:-29
Angle Tgt:1500 Now:1382 Err:117 SpdOut:1175 SpdNow:1280 YawOut:31
Angle Tgt:1500 Now:1467 Err:32 SpdOut:321 SpdNow:349 YawOut:36
Angle Tgt:1500 Now:1489 Err:10 SpdOut:105 SpdNow:72 YawOut:44
Angle Tgt:1500 Now:1495 Err:4 SpdOut:45 SpdNow:12 YawOut:46
Angle Tgt:1500 Now:1497 Err:2 SpdOut:24 SpdNow:-9 YawOut:47
Angle Tgt:1500 Now:1498 Err:1 SpdOut:15 SpdNow:2 YawOut:45
Angle Tgt:1500 Now:1498 Err:1 SpdOut:10 SpdNow:-25 YawOut:49
Angle Tgt:1500 Now:1499 Err:0 SpdOut:8 SpdNow:10 YawOut:45
Angle Tgt:-1000 Now:151 Err:-1151 SpdOut:-11511 SpdNow:-14286 YawOut:207
Angle Tgt:-1000 Now:-636 Err:-363 SpdOut:-3630 SpdNow:-4346 YawOut:-10
Angle Tgt:-1000 Now:-860 Err:-139 SpdOut:-1394 SpdNow:-1325 YawOut:-108
Angle Tgt:-1000 Now:-939 Err:-60 SpdOut:-603 SpdNow:-639 YawOut:-96
Angle Tgt:-1000 Now:-971 Err:-28 SpdOut:-282 SpdNow:-247 YawOut:-105
Angle Tgt:-1000 Now:-988 Err:-11 SpdOut:-112 SpdNow:-159 YawOut:-96
Angle Tgt:-1000 Now:-997 Err:-2 SpdOut:-26 SpdNow:-90 YawOut:-92
Angle Tgt:-1000 Now:-1000 Err:0 SpdOut:2 SpdNow:-49 YawOut:-93
Angle Tgt:-1000 Now:-1001 Err:1 SpdOut:13 SpdNow:4 YawOut:-98
Angle Tgt:-1000 Now:-1001 Err:1 SpdOut:18 SpdNow:-17 YawOut:-93
Angle Tgt:800 Now:26 Err:773 SpdOut:7730 SpdNow:8599 YawOut:-98
Angle Tgt:800 Now:532 Err:267 SpdOut:2677 SpdNow:2808 YawOut:-21
Angle Tgt:800 Now:699 Err:100 SpdOut:1007 SpdNow:958 YawOut:2
Angle Tgt:800 Now:757 Err:42 SpdOut:421 SpdNow:308 YawOut:18
Angle Tgt:800 Now:777 Err:22 SpdOut:225 SpdNow:108 YawOut:25
Angle Tgt:800 Now:785 Err:14 SpdOut:140 SpdNow:46 YawOut:28
Angle Tgt:800 Now:790 Err:9 SpdOut:92 SpdNow:37 YawOut:26
Angle Tgt:800 Now:793 Err:6 SpdOut:64 SpdNow:0 YawOut:30
Angle Tgt:800 Now:795 Err:4 SpdOut:46 SpdNow:17 YawOut:27
Angle Tgt:800 Now:796 Err:3 SpdOut:34 SpdNow:-8 YawOut:30
Angle Tgt:-800 Now:-149 Err:-650 SpdOut:-6500 SpdNow:-7193 YawOut:27
Angle Tgt:-800 Now:-526 Err:-273 SpdOut:-2736 SpdNow:-2244 YawOut:-156
Angle Tgt:-800 Now:-668 Err:-131 SpdOut:-1310 SpdNow:-1124 YawOut:-132
Angle Tgt:-800 Now:-743 Err:-56 SpdOut:-566 SpdNow:-638 YawOut:-101
Angle Tgt:-800 Now:-786 Err:-13 SpdOut:-134 SpdNow:-334 YawOut:-73
Angle Tgt:-800 Now:-805 Err:5 SpdOut:56 SpdNow:-117 YawOut:-66
Angle Tgt:-800 Now:-816 Err:16 SpdOut:162 SpdNow:-106 YawOut:-38
Angle Tgt:-800 Now:-819 Err:19 SpdOut:197 SpdNow:13 YawOut:-37
Angle Tgt:-800 Now:-818 Err:18 SpdOut:186 SpdNow:19 YawOut:-29
Angle Tgt:1200 Now:-817 Err:2017 SpdOut:20177 SpdNow:12 YawOut:1650
Angle Tgt:1200 Now:393 Err:806 SpdOut:8068 SpdNow:9562 YawOut:-112
Angle Tgt:1200 Now:946 Err:253 SpdOut:2535 SpdNow:2997 YawOut:-13
Angle Tgt:1200 Now:1123 Err:76 SpdOut:760 SpdNow:869 YawOut:21
Angle Tgt:1200 Now:1178 Err:21 SpdOut:210 SpdNow:248 YawOut:27
Angle Tgt:1200 Now:1194 Err:5 SpdOut:56 SpdNow:27 YawOut:34
Angle Tgt:1200 Now:1198 Err:1 SpdOut:15 SpdNow:12 YawOut:32
Angle Tgt:1200 Now:1200 Err:0 SpdOut:-3 SpdNow:-1 YawOut:31
Angle Tgt:1200 Now:1200 Err:0 SpdOut:-5 SpdNow:-10 YawOut:31
Angle Tgt:1200 Now:1200 Err:0 SpdOut:-5 SpdNow:-1 YawOut:31
Angle Tgt:-1200 Now:1200 Err:-2400 SpdOut:-24005 SpdNow:-265 YawOut:-1650
Angle Tgt:-1200 Now:-265 Err:-934 SpdOut:-9341 SpdNow:-11394 YawOut:110
Angle Tgt:-1200 Now:-914 Err:-285 SpdOut:-2858 SpdNow:-3639 YawOut:8
Angle Tgt:-1200 Now:-1106 Err:-93 SpdOut:-931 SpdNow:-1327 YawOut:-17
Angle Tgt:-1200 Now:-1173 Err:-26 SpdOut:-268 SpdNow:-444 YawOut:-34
Angle Tgt:-1200 Now:-1193 Err:-6 SpdOut:-66 SpdNow:-144 YawOut:-42
Angle Tgt:-1200 Now:-1198 Err:-1 SpdOut:-10 SpdNow:-36 YawOut:-47
Angle Tgt:-1200 Now:-1199 Err:0 SpdOut:-3 SpdNow:-9 YawOut:-49
Angle Tgt:-1200 Now:-1199 Err:0 SpdOut:-4 SpdNow:1 YawOut:-49
Angle Tgt:-1200 Now:-1199 Err:0 SpdOut:-4 SpdNow:7 YawOut:-50
Angle Tgt:600 Now:-1188 Err:1788 SpdOut:17885 SpdNow:3706 YawOut:1650
Angle Tgt:600 Now:-51 Err:651 SpdOut:6514 SpdNow:7522 YawOut:-88
Angle Tgt:600 Now:382 Err:217 SpdOut:2179 SpdNow:2387 YawOut:-1
Angle Tgt:600 Now:523 Err:76 SpdOut:764 SpdNow:838 YawOut:15
Angle Tgt:600 Now:575 Err:24 SpdOut:245 SpdNow:198 YawOut:28
Angle Tgt:600 Now:587 Err:12 SpdOut:120 SpdNow:50 YawOut:35
Angle Tgt:600 Now:592 Err:7 SpdOut:71 SpdNow:31 YawOut:33
Angle Tgt:600 Now:595 Err:4 SpdOut:45 SpdNow:31 YawOut:31
Angle Tgt:600 Now:596 Err:3 SpdOut:30 SpdNow:6 YawOut:34
Angle Tgt:600 Now:597 Err:2 SpdOut:21 SpdNow:-24 YawOut:38
Angle Tgt:-600 Now:571 Err:-1171 SpdOut:-11711 SpdNow:-6077 YawOut:-889
Angle Tgt:-600 Now:-182 Err:-417 SpdOut:-4172 SpdNow:-4476 YawOut:22
Angle Tgt:-600 Now:-437 Err:-162 SpdOut:-1624 SpdNow:-1568 YawOut:-22
Angle Tgt:-600 Now:-528 Err:-71 SpdOut:-717 SpdNow:-655 YawOut:-28
Angle Tgt:-600 Now:-565 Err:-34 SpdOut:-346 SpdNow:-271 YawOut:-35
Angle Tgt:-600 Now:-581 Err:-18 SpdOut:-186 SpdNow:-132 YawOut:-35
Angle Tgt:-600 Now:-588 Err:-11 SpdOut:-116 SpdNow:-56 YawOut:-40
Angle Tgt:-600 Now:-592 Err:-7 SpdOut:-77 SpdNow:-34 YawOut:-40
Angle Tgt:-600 Now:-594 Err:-5 SpdOut:-51 SpdNow:-24 YawOut:-39
Angle Tgt:-600 Now:-597 Err:-2 SpdOut:-26 SpdNow:-11 YawOut:-38
Angle Tgt:0 Now:-552 Err:552 SpdOut:5525 SpdNow:5191 YawOut:47
Angle Tgt:0 Now:-199 Err:199 SpdOut:1998 SpdNow:1927 YawOut:0
Angle Tgt:0 Now:-80 Err:80 SpdOut:805 SpdNow:648 YawOut:18
Angle Tgt:0 Now:-40 Err:40 SpdOut:405 SpdNow:246 YawOut:28
Angle Tgt:0 Now:-23 Err:23 SpdOut:237 SpdNow:109 YawOut:33
Angle Tgt:0 Now:-14 Err:14 SpdOut:148 SpdNow:70 YawOut:31
Angle Tgt:0 Now:-9 Err:9 SpdOut:99 SpdNow:35 YawOut:33
Angle Tgt:0 Now:-6 Err:6 SpdOut:67 SpdNow:35 YawOut:31
Angle Tgt:0 Now:-4 Err:4 SpdOut:48 SpdNow:13 YawOut:33
Angle Tgt:0 Now:-3 Err:3 SpdOut:36 SpdNow:27 YawOut:31
Angle Tgt:0 Now:-2 Err:2 SpdOut:28 SpdNow:-5 YawOut:35
Angle Tgt:0 Now:-1 Err:1 SpdOut:18 SpdNow:-2 YawOut:34
Angle Tgt:0 Now:-1 Err:1 SpdOut:14 SpdNow:22 YawOut:33
Angle Tgt:0 Now:-1 Err:1 SpdOut:14 SpdNow:0 YawOut:34
Angle Tgt:0 Now:-1 Err:1 SpdOut:13 SpdNow:0 YawOut:34
Angle Tgt:0 Now:-1 Err:1 SpdOut:14 SpdNow:1 YawOut:34
Angle Tgt:0 Now:-1 Err:1 SpdOut:14 SpdNow:-3 YawOut:36
Angle Tgt:0 Now:-1 Err:1 SpdOut:16 SpdNow:-23 YawOut:40
Angle Tgt:0 Now:-1 Err:1 SpdOut:17 SpdNow:-5 YawOut:38
Angle Tgt:0 Now:-1 Err:1 SpdOut:18 SpdNow:-9 YawOut:39
Angle Tgt:0 Now:-1 Err:1 SpdOut:19 SpdNow:-8 YawOut:40
Angle Tgt:0 Now:-2 Err:2 SpdOut:20 SpdNow:5 YawOut:39
Angle Tgt:0 Now:-1 Err:1 SpdOut:18 SpdNow:8 YawOut:39
Angle Tgt:0 Now:0 Err:0 SpdOut:1 SpdNow:4 YawOut:38
Angle Tgt:0 Now:0 Err:0 SpdOut:-9 SpdNow:7 YawOut:37
Angle Tgt:0 Now:3 Err:-3 SpdOut:-30 SpdNow:1 YawOut:32
Angle Tgt:0 Now:5 Err:-5 SpdOut:-56 SpdNow:48 YawOut:18
Angle Tgt:0 Now:7 Err:-7 SpdOut:-78 SpdNow:6 YawOut:15
Angle Tgt:0 Now:7 Err:-7 SpdOut:-75 SpdNow:-27 YawOut:17
Angle Tgt:0 Now:7 Err:-7 SpdOut:-70 SpdNow:-20 YawOut:13
Angle Tgt:0 Now:6 Err:-6 SpdOut:-65 SpdNow:1 YawOut:7
Angle Tgt:0 Now:5 Err:-5 SpdOut:-58 SpdNow:-1 YawOut:6
Angle Tgt:0 Now:5 Err:-5 SpdOut:-53 SpdNow:-21 YawOut:7
Angle Tgt:0 Now:4 Err:-4 SpdOut:-48 SpdNow:-11 YawOut:4
Angle Tgt:0 Now:4 Err:-4 SpdOut:-43 SpdNow:11 YawOut:0
Angle Tgt:0 Now:3 Err:-3 SpdOut:-38 SpdNow:0 YawOut:0
Angle Tgt:0 Now:3 Err:-3 SpdOut:-34 SpdNow:-12 YawOut:1
Angle Tgt:0 Now:2 Err:-2 SpdOut:-29 SpdNow:-10 YawOut:1
Angle Tgt:0 Now:2 Err:-2 SpdOut:-26 SpdNow:10 YawOut:-2
Angle Tgt:0 Now:2 Err:-2 SpdOut:-23 SpdNow:4 YawOut:-1
Angle Tgt:0 Now:2 Err:-2 SpdOut:-20 SpdNow:-7 YawOut:0
Angle Tgt:0 Now:1 Err:-1 SpdOut:-18 SpdNow:-3 YawOut:-1
Angle Tgt:0 Now:1 Err:-1 SpdOut:-16 SpdNow:0 YawOut:-1
Angle Tgt:0 Now:1 Err:-1 SpdOut:-13 SpdNow:-17 YawOut:-1
Angle Tgt:0 Now:1 Err:-1 SpdOut:-12 SpdNow:0 YawOut:-1
Angle Tgt:0 Now:1 Err:-1 SpdOut:-11 SpdNow:13 YawOut:-3
Angle Tgt:0 Now:0 Err:0 SpdOut:-9 SpdNow:7 YawOut:-3
Angle Tgt:0 Now:0 Err:0 SpdOut:-7 SpdNow:-2 YawOut:-2
Angle Tgt:0 Now:0 Err:0 SpdOut:-6 SpdNow:0 YawOut:-2
Angle Tgt:0 Now:0 Err:0 SpdOut:-4 SpdNow:0 YawOut:-2
Angle Tgt:0 Now:0 Err:0 SpdOut:-3 SpdNow:8 YawOut:-2
Angle Tgt:0 Now:0 Err:0 SpdOut:-2 SpdNow:-7 YawOut:-2
Angle Tgt:0 Now:0 Err:0 SpdOut:-1 SpdNow:13 YawOut:-3
Angle Tgt:0 Now:0 Err:0 SpdOut:0 SpdNow:-17 YawOut:-1
Angle Tgt:0 Now:0 Err:0 SpdOut:0 SpdNow:-7 YawOut:-2
Angle Tgt:0 Now:0 Err:0 SpdOut:1 SpdNow:-1 YawOut:-2
Angle Tgt:0 Now:0 Err:0 SpdOut:2 SpdNow:15 YawOut:-2
Angle Tgt:0 Now:0 Err:0 SpdOut:4 SpdNow:-2 YawOut:-1
Angle Tgt:0 Now:0 Err:0 SpdOut:5 SpdNow:13 YawOut:-1
Angle Tgt:0 Now:0 Err:0 SpdOut:6 SpdNow:23 YawOut:-2
Angle Tgt:0 Now:0 Err:0 SpdOut:8 SpdNow:3 YawOut:-1
Angle Tgt:0 Now:0 Err:0 SpdOut:9 SpdNow:-5 YawOut:0
Angle Tgt:0 Now:-1 Err:1 SpdOut:10 SpdNow:1 YawOut:0
Angle Tgt:0 Now:-1 Err:1 SpdOut:11 SpdNow:-17 YawOut:2
Angle Tgt:0 Now:-1 Err:1 SpdOut:12 SpdNow:12 YawOut:0
Angle Tgt:0 Now:-1 Err:1 SpdOut:13 SpdNow:-15 YawOut:3
Angle Tgt:0 Now:-1 Err:1 SpdOut:14 SpdNow:-19 YawOut:4
Angle Tgt:0 Now:-1 Err:1 SpdOut:13 SpdNow:-1 YawOut:2
Angle Tgt:0 Now:-1 Err:1 SpdOut:14 SpdNow:11 YawOut:2
Angle Tgt:0 Now:-1 Err:1 SpdOut:14 SpdNow:5 YawOut:2
Angle Tgt:0 Now:-1 Err:1 SpdOut:15 SpdNow:-3 YawOut:4
Angle Tgt:0 Now:-1 Err:1 SpdOut:15 SpdNow:-2 YawOut:5
Angle Tgt:0 Now:-1 Err:1 SpdOut:15 SpdNow:-36 YawOut:10
Angle Tgt:0 Now:-1 Err:1 SpdOut:15 SpdNow:-1 YawOut:5
