Rx CB
AP start
OSPI SM IRQ
Polling CB
StatMatch Busy=0 Instr=00
Angle Tgt:0 Now:2 Err:-2 SpdOut:-17 SpdNow:12 YawOut:-2
Angle Tgt:0 Now:2 Err:-2 SpdOut:-16 SpdNow:-28 YawOut:0
Angle Tgt:0 Now:3 Err:-3 SpdOut:-23 SpdNow:3 YawOut:-3
Angle Tgt:0 Now:0 Err:0 SpdOut:3 SpdNow:-16 YawOut:0
Angle Tgt:0 Now:-2 Err:2 SpdOut:20 SpdNow:0 YawOut:1
Angle Tgt:0 Now:-7 Err:7 SpdOut:55 SpdNow:0 YawOut:10
Angle Tgt:0 Now:-6 Err:6 SpdOut:46 SpdNow:21 YawOut:11
Angle Tgt:0 Now:-9 Err:9 SpdOut:72 SpdNow:23 YawOut:20
Angle Tgt:0 Now:-4 Err:4 SpdOut:33 SpdNow:-12 YawOut:23
Angle Tgt:0 Now:-7 Err:7 SpdOut:55 SpdNow:41 YawOut:20
Angle Tgt:0 Now:-4 Err:4 SpdOut:41 SpdNow:13 YawOut:24
Angle Tgt:0 Now:-5 Err:5 SpdOut:43 SpdNow:8 YawOut:26
Angle Tgt:0 Now:-1 Err:1 SpdOut:16 SpdNow:-4 YawOut:25
Angle Tgt:0 Now:-2 Err:2 SpdOut:24 SpdNow:-16 YawOut:29
Angle Tgt:0 Now:-1 Err:1 SpdOut:17 SpdNow:12 YawOut:25
Angle Tgt:0 Now:-1 Err:1 SpdOut:15 SpdNow:-13 YawOut:28
Angle Tgt:0 Now:0 Err:0 SpdOut:7 SpdNow:5 YawOut:26
Angle Tgt:0 Now:0 Err:0 SpdOut:3 SpdNow:14 YawOut:26
Angle Tgt:0 Now:3 Err:-3 SpdOut:-13 SpdNow:0 YawOut:25
Angle Tgt:0 Now:0 Err:0 SpdOut:5 SpdNow:-8 YawOut:26
Angle Tgt:0 Now:-1 Err:1 SpdOut:19 SpdNow:2 YawOut:27
Angle Tgt:0 Now:0 Err:0 SpdOut:14 SpdNow:28 YawOut:25
Angle Tgt:0 Now:0 Err:0 SpdOut:1 SpdNow:2 YawOut:26
Angle Tgt:0 Now:0 Err:0 SpdOut:13 SpdNow:11 YawOut:26
Angle Tgt:0 Now:-1 Err:1 SpdOut:17 SpdNow:-7 YawOut:29
Angle Tgt:0 Now:0 Err:0 SpdOut:4 SpdNow:-8 YawOut:27
Angle Tgt:0 Now:-2 Err:2 SpdOut:25 SpdNow:0 YawOut:30
Angle Tgt:0 Now:-2 Err:2 SpdOut:24 SpdNow:27 YawOut:28
Angle Tgt:0 Now:0 Err:0 SpdOut:12 SpdNow:18 YawOut:28
Angle Tgt:0 Now:0 Err:0 SpdOut:14 SpdNow:-20 YawOut:32
Angle Tgt:0 Now:-2 Err:2 SpdOut:23 SpdNow:16 YawOut:29
Angle Tgt:0 Now:4 Err:-4 SpdOut:-25 SpdNow:-9 YawOut:27
Angle Tgt:0 Now:1 Err:-1 SpdOut:-3 SpdNow:0 YawOut:28
Angle Tgt:0 Now:1 Err:-1 SpdOut:-1 SpdNow:-20 YawOut:29
Angle Tgt:800 Now:68 Err:731 SpdOut:5146 SpdNow:5099 YawOut:65
Angle Tgt:800 Now:402 Err:397 SpdOut:2862 SpdNow:3144 YawOut:0
Angle Tgt:800 Now:592 Err:207 SpdOut:1558 SpdNow:1454 YawOut:49
Angle Tgt:800 Now:691 Err:108 SpdOut:883 SpdNow:606 YawOut:88
Angle Tgt:800 Now:743 Err:56 SpdOut:530 SpdNow:282 YawOut:99
Angle Tgt:-800 Now:663 Err:-1463 SpdOut:-10144 SpdNow:-9487 YawOut:-108
Angle Tgt:-800 Now:59 Err:-859 SpdOut:-6030 SpdNow:-6218 YawOut:26
Angle Tgt:-800 Now:-322 Err:-477 SpdOut:-3420 SpdNow:-3369 YawOut:-4
Angle Tgt:-800 Now:-538 Err:-261 SpdOut:-1949 SpdNow:-1831 YawOut:-22
Angle Tgt:-800 Now:-661 Err:-138 SpdOut:-1109 SpdNow:-946 YawOut:-36
Angle Tgt:800 Now:-581 Err:1381 SpdOut:9564 SpdNow:9572 YawOut:60
Angle Tgt:800 Now:105 Err:694 SpdOut:4855 SpdNow:5169 YawOut:-20
Angle Tgt:800 Now:458 Err:341 SpdOut:2438 SpdNow:2370 YawOut:27
Angle Tgt:800 Now:700 Err:99 SpdOut:782 SpdNow:504 YawOut:78
Angle Tgt:800 Now:774 Err:25 SpdOut:271 SpdNow:198 YawOut:60
Angle Tgt:800 Now:787 Err:12 SpdOut:182 SpdNow:100 YawOut:67
Angle Tgt:800 Now:793 Err:6 SpdOut:144 SpdNow:40 YawOut:77
Angle Tgt:800 Now:800 Err:0 SpdOut:92 SpdNow:164 YawOut:56
Angle Tgt:-800 Now:621 Err:-1421 SpdOut:-9897 SpdNow:-9860 YawOut:-24
Angle Tgt:-800 Now:-104 Err:-695 SpdOut:-4922 SpdNow:-5095 YawOut:25
Angle Tgt:-800 Now:-444 Err:-355 SpdOut:-2590 SpdNow:-2450 YawOut:-18
Angle Tgt:-800 Now:-613 Err:-186 SpdOut:-1435 SpdNow:-1335 YawOut:-21
Angle Tgt:-800 Now:-747 Err:-52 SpdOut:-518 SpdNow:-359 YawOut:-48
Angle Tgt:-800 Now:-774 Err:-25 SpdOut:-332 SpdNow:-254 YawOut:-43
Angle Tgt:-800 Now:-795 Err:-4 SpdOut:-183 SpdNow:-191 YawOut:-35
Angle Tgt:-800 Now:-809 Err:9 SpdOut:-88 SpdNow:-112 YawOut:-32
Angle Tgt:-800 Now:-815 Err:15 SpdOut:-46 SpdNow:-24 YawOut:-37
Angle Tgt:800 Now:-582 Err:1382 SpdOut:9577 SpdNow:9885 YawOut:2
Angle Tgt:800 Now:128 Err:671 SpdOut:4697 SpdNow:5011 YawOut:-31
Angle Tgt:800 Now:463 Err:336 SpdOut:2402 SpdNow:2254 YawOut:32
Angle Tgt:800 Now:624 Err:175 SpdOut:1303 SpdNow:1111 YawOut:46
Angle Tgt:800 Now:699 Err:100 SpdOut:787 SpdNow:543 YawOut:69
Angle Tgt:-800 Now:491 Err:-1291 SpdOut:-9006 SpdNow:-9557 YawOut:42
Angle Tgt:-800 Now:-166 Err:-633 SpdOut:-4485 SpdNow:-4678 YawOut:16
Angle Tgt:-800 Now:-480 Err:-319 SpdOut:-2338 SpdNow:-2234 YawOut:-23
Angle Tgt:-800 Now:-797 Err:-2 SpdOut:-159 SpdNow:-93 YawOut:-46
Angle Tgt:-800 Now:-805 Err:5 SpdOut:-108 SpdNow:-46 YawOut:-48
Angle Tgt:-800 Now:-809 Err:9 SpdOut:-79 SpdNow:-20 YawOut:-50
Angle Tgt:800 Now:-519 Err:1319 SpdOut:9154 SpdNow:9731 YawOut:-48
Angle Tgt:800 Now:158 Err:641 SpdOut:4502 SpdNow:4582 YawOut:-1
Angle Tgt:800 Now:473 Err:326 SpdOut:2344 SpdNow:2129 YawOut:43
Angle Tgt:800 Now:631 Err:168 SpdOut:1260 SpdNow:1118 YawOut:40
Angle Tgt:800 Now:706 Err:93 SpdOut:747 SpdNow:569 YawOut:58
Angle Tgt:800 Now:747 Err:52 SpdOut:468 SpdNow:261 YawOut:73
Angle Tgt:800 Now:767 Err:32 SpdOut:335 SpdNow:144 YawOut:83
Angle Tgt:800 Now:784 Err:15 SpdOut:214 SpdNow:147 YawOut:70
Angle Tgt:800 Now:798 Err:1 SpdOut:120 SpdNow:73 YawOut:68
Angle Tgt:800 Now:804 Err:-4 SpdOut:76 SpdNow:43 YawOut:68
Angle Tgt:-800 Now:462 Err:-1262 SpdOut:-8798 SpdNow:-9710 YawOut:121
Angle Tgt:-800 Now:-169 Err:-630 SpdOut:-4459 SpdNow:-4518 YawOut:10
Angle Tgt:800 Now:-399 Err:1199 SpdOut:8326 SpdNow:9374 YawOut:-111
Angle Tgt:800 Now:217 Err:582 SpdOut:4094 SpdNow:4141 YawOut:12
Angle Tgt:800 Now:500 Err:299 SpdOut:2154 SpdNow:1959 YawOut:51
Angle Tgt:800 Now:656 Err:143 SpdOut:1081 SpdNow:1139 YawOut:16
Angle Tgt:800 Now:734 Err:65 SpdOut:545 SpdNow:501 YawOut:28
Angle Tgt:-800 Now:-218 Err:-581 SpdOut:-4133 SpdNow:-4385 YawOut:12
Angle Tgt:-800 Now:-513 Err:-286 SpdOut:-2115 SpdNow:-2136 YawOut:-15
Angle Tgt:-800 Now:-655 Err:-144 SpdOut:-1135 SpdNow:-1035 YawOut:-33
Angle Tgt:800 Now:-378 Err:1178 SpdOut:8183 SpdNow:9358 YawOut:-127
Angle Tgt:800 Now:235 Err:564 SpdOut:3964 SpdNow:4159 YawOut:-11
Angle Tgt:800 Now:525 Err:274 SpdOut:1979 SpdNow:1942 YawOut:13
Angle Tgt:800 Now:667 Err:132 SpdOut:1004 SpdNow:943 YawOut:16
Angle Tgt:800 Now:733 Err:66 SpdOut:549 SpdNow:399 YawOut:34
Angle Tgt:-800 Now:348 Err:-1148 SpdOut:-8029 SpdNow:-8895 YawOut:75
Angle Tgt:-800 Now:-524 Err:-275 SpdOut:-2036 SpdNow:-2058 YawOut:-18
Angle Tgt:-800 Now:-659 Err:-140 SpdOut:-1115 SpdNow:-965 YawOut:-45
Angle Tgt:-800 Now:-730 Err:-69 SpdOut:-623 SpdNow:-523 YawOut:-41
Angle Tgt:-800 Now:-768 Err:-31 SpdOut:-361 SpdNow:-324 YawOut:-36
Angle Tgt:-800 Now:-789 Err:-10 SpdOut:-218 SpdNow:-124 YawOut:-48
Angle Tgt:-800 Now:-797 Err:-2 SpdOut:-162 SpdNow:-61 YawOut:-54
Angle Tgt:-800 Now:-803 Err:3 SpdOut:-122 SpdNow:-66 YawOut:-52
Angle Tgt:-800 Now:-807 Err:7 SpdOut:-90 SpdNow:-23 YawOut:-57
Angle Tgt:800 Now:-364 Err:1164 SpdOut:8088 SpdNow:9047 YawOut:-121
Angle Tgt:800 Now:515 Err:284 SpdOut:2055 SpdNow:1977 YawOut:9
Angle Tgt:800 Now:656 Err:143 SpdOut:1087 SpdNow:1078 YawOut:4
Angle Tgt:800 Now:727 Err:72 SpdOut:597 SpdNow:490 YawOut:24
Angle Tgt:-800 Now:296 Err:-1096 SpdOut:-7661 SpdNow:-8328 YawOut:44
Angle Tgt:-800 Now:-261 Err:-538 SpdOut:-3830 SpdNow:-4027 YawOut:0
Angle Tgt:-800 Now:-532 Err:-267 SpdOut:-1976 SpdNow:-1974 YawOut:-22
Angle Tgt:-800 Now:-662 Err:-137 SpdOut:-1086 SpdNow:-1043 YawOut:-32
Angle Tgt:-800 Now:-731 Err:-68 SpdOut:-610 SpdNow:-546 YawOut:-39
Angle Tgt:800 Now:541 Err:258 SpdOut:1872 SpdNow:1833 YawOut:10
Angle Tgt:800 Now:671 Err:128 SpdOut:980 SpdNow:970 YawOut:9
Angle Tgt:0 Now:518 Err:-518 SpdOut:-3573 SpdNow:-3633 YawOut:-6
Angle Tgt:0 Now:257 Err:-257 SpdOut:-1784 SpdNow:-1817 YawOut:-5
Angle Tgt:0 Now:136 Err:-136 SpdOut:-959 SpdNow:-882 YawOut:-24
Angle Tgt:0 Now:70 Err:-70 SpdOut:-504 SpdNow:-462 YawOut:-20
Angle Tgt:0 Now:21 Err:-21 SpdOut:-172 SpdNow:-129 YawOut:-25
Angle Tgt:0 Now:12 Err:-12 SpdOut:-111 SpdNow:-72 YawOut:-27
Angle Tgt:0 Now:7 Err:-7 SpdOut:-76 SpdNow:-28 YawOut:-30
Angle Tgt:0 Now:4 Err:-4 SpdOut:-55 SpdNow:-17 YawOut:-30
Angle Tgt:0 Now:2 Err:-2 SpdOut:-40 SpdNow:-13 YawOut:-29
Angle Tgt:500 Now:454 Err:45 SpdOut:364 SpdNow:302 YawOut:16
Angle Tgt:500 Now:477 Err:22 SpdOut:207 SpdNow:153 YawOut:17
Angle Tgt:500 Now:488 Err:11 SpdOut:130 SpdNow:81 YawOut:19
Angle Tgt:500 Now:494 Err:5 SpdOut:91 SpdNow:40 YawOut:22
Angle Tgt:500 Now:497 Err:2 SpdOut:68 SpdNow:55 YawOut:19
Angle Tgt:500 Now:500 Err:0 SpdOut:52 SpdNow:14 YawOut:25
Angle Tgt:500 Now:501 Err:-1 SpdOut:40 SpdNow:18 YawOut:24
Angle Tgt:-500 Now:134 Err:-634 SpdOut:-4447 SpdNow:-4528 YawOut:-1
Angle Tgt:-500 Now:-182 Err:-317 SpdOut:-2272 SpdNow:-2330 YawOut:0
Angle Tgt:-500 Now:-336 Err:-163 SpdOut:-1222 SpdNow:-1076 YawOut:-31
Angle Tgt:-500 Now:-414 Err:-85 SpdOut:-686 SpdNow:-637 YawOut:-23
Angle Tgt:-500 Now:-494 Err:-5 SpdOut:-138 SpdNow:-101 YawOut:-29
Angle Tgt:-500 Now:-501 Err:1 SpdOut:-85 SpdNow:-49 YawOut:-30
Angle Tgt:-500 Now:-506 Err:6 SpdOut:-49 SpdNow:-47 YawOut:-26
Angle Tgt:-500 Now:-510 Err:10 SpdOut:-26 SpdNow:-45 YawOut:-25
Angle Tgt:1000 Now:51 Err:948 SpdOut:6639 SpdNow:6889 YawOut:-5
Angle Tgt:1000 Now:541 Err:458 SpdOut:3276 SpdNow:3445 YawOut:-12
Angle Tgt:1000 Now:777 Err:222 SpdOut:1661 SpdNow:1637 YawOut:10
Angle Tgt:1000 Now:888 Err:111 SpdOut:895 SpdNow:786 YawOut:28
Angle Tgt:1000 Now:950 Err:49 SpdOut:472 SpdNow:395 YawOut:25
Angle Tgt:1000 Now:980 Err:19 SpdOut:266 SpdNow:184 YawOut:29
Angle Tgt:1000 Now:1005 Err:-5 SpdOut:88 SpdNow:38 YawOut:27
Angle Tgt:1000 Now:1010 Err:-10 SpdOut:56 SpdNow:44 YawOut:23
Angle Tgt:1000 Now:1012 Err:-12 SpdOut:40 SpdNow:32 YawOut:24
Angle Tgt:-1000 Now:240 Err:-1240 SpdOut:-8694 SpdNow:-9682 YawOut:79
Angle Tgt:-1000 Now:-383 Err:-616 SpdOut:-4417 SpdNow:-4736 YawOut:13
Angle Tgt:-1000 Now:-835 Err:-164 SpdOut:-1320 SpdNow:-1301 YawOut:-28
Angle Tgt:-1000 Now:-919 Err:-80 SpdOut:-741 SpdNow:-632 YawOut:-43
Angle Tgt:-1000 Now:-1000 Err:0 SpdOut:-185 SpdNow:-58 YawOut:-63
Angle Tgt:-1000 Now:-1006 Err:6 SpdOut:-141 SpdNow:-75 YawOut:-59
Angle Tgt:-1000 Now:-1006 Err:6 SpdOut:-141 SpdNow:0 YawOut:-78
Angle Tgt:1500 Now:-11 Err:1511 SpdOut:10574 SpdNow:11469 YawOut:-60
Angle Tgt:1500 Now:774 Err:725 SpdOut:5178 SpdNow:5581 YawOut:-27
Angle Tgt:1500 Now:1140 Err:359 SpdOut:2666 SpdNow:2357 YawOut:70
Angle Tgt:1500 Now:1303 Err:196 SpdOut:1554 SpdNow:1161 YawOut:106
Angle Tgt:1500 Now:1432 Err:67 SpdOut:673 SpdNow:406 YawOut:136
Angle Tgt:1500 Now:1482 Err:17 SpdOut:327 SpdNow:109 YawOut:155
Angle Tgt:1500 Now:1506 Err:-6 SpdOut:162 SpdNow:345 YawOut:99
Angle Tgt:1500 Now:1550 Err:-50 SpdOut:-148 SpdNow:317 YawOut:30
Angle Tgt:-1000 Now:491 Err:-1491 SpdOut:-10420 SpdNow:-11345 YawOut:83
Angle Tgt:-1000 Now:-805 Err:-194 SpdOut:-1530 SpdNow:-1502 YawOut:-16
Angle Tgt:-1000 Now:-903 Err:-96 SpdOut:-862 SpdNow:-749 YawOut:-32
Angle Tgt:-1000 Now:-953 Err:-46 SpdOut:-515 SpdNow:-409 YawOut:-37
Angle Tgt:-1000 Now:-982 Err:-17 SpdOut:-319 SpdNow:-241 YawOut:-39
Angle Tgt:-1000 Now:-1002 Err:2 SpdOut:-176 SpdNow:-205 YawOut:-27
Angle Tgt:-1000 Now:-1017 Err:17 SpdOut:-73 SpdNow:-98 YawOut:-26
Angle Tgt:-1000 Now:-1023 Err:23 SpdOut:-27 SpdNow:-36 YawOut:-28
Angle Tgt:800 Now:-215 Err:1015 SpdOut:7049 SpdNow:7631 YawOut:-45
Angle Tgt:800 Now:308 Err:491 SpdOut:3456 SpdNow:3630 YawOut:-6
Angle Tgt:800 Now:558 Err:241 SpdOut:1742 SpdNow:1793 YawOut:6
Angle Tgt:800 Now:682 Err:117 SpdOut:889 SpdNow:805 YawOut:23
Angle Tgt:800 Now:738 Err:61 SpdOut:507 SpdNow:380 YawOut:36
Angle Tgt:800 Now:769 Err:30 SpdOut:293 SpdNow:239 YawOut:29
Angle Tgt:800 Now:806 Err:-6 SpdOut:39 SpdNow:36 YawOut:29
Angle Tgt:-800 Now:46 Err:-846 SpdOut:-5967 SpdNow:-6443 YawOut:43
Angle Tgt:-800 Now:-386 Err:-413 SpdOut:-2995 SpdNow:-3100 YawOut:1
Angle Tgt:-800 Now:-595 Err:-204 SpdOut:-1563 SpdNow:-1554 YawOut:-11
Angle Tgt:-800 Now:-780 Err:-19 SpdOut:-294 SpdNow:-255 YawOut:-29
Angle Tgt:-800 Now:-812 Err:12 SpdOut:-70 SpdNow:-47 YawOut:-32
Angle Tgt:1200 Now:-814 Err:2014 SpdOut:13957 SpdNow:332 YawOut:1650
Angle Tgt:1200 Now:163 Err:1036 SpdOut:7260 SpdNow:8103 YawOut:-77
Angle Tgt:1200 Now:702 Err:497 SpdOut:3562 SpdNow:3759 YawOut:-6
Angle Tgt:1200 Now:960 Err:239 SpdOut:1790 SpdNow:1766 YawOut:18
Angle Tgt:1200 Now:1081 Err:118 SpdOut:963 SpdNow:881 YawOut:32
Angle Tgt:1200 Now:1151 Err:48 SpdOut:483 SpdNow:484 YawOut:22
Angle Tgt:1200 Now:1184 Err:15 SpdOut:249 SpdNow:229 YawOut:24
Angle Tgt:1200 Now:1199 Err:0 SpdOut:147 SpdNow:99 YawOut:30
Angle Tgt:1200 Now:1206 Err:-6 SpdOut:96 SpdNow:45 YawOut:33
Angle Tgt:1200 Now:1211 Err:-11 SpdOut:64 SpdNow:29 YawOut:33
Angle Tgt:-1200 Now:-901 Err:-298 SpdOut:-2275 SpdNow:-2208 YawOut:-40
Angle Tgt:-1200 Now:-1045 Err:-154 SpdOut:-1291 SpdNow:-1104 YawOut:-64
Angle Tgt:-1200 Now:-1115 Err:-84 SpdOut:-810 SpdNow:-538 YawOut:-89
Angle Tgt:-1200 Now:-1158 Err:-41 SpdOut:-516 SpdNow:-405 YawOut:-76
Angle Tgt:-1200 Now:-1192 Err:-7 SpdOut:-279 SpdNow:-303 YawOut:-60
Angle Tgt:-1200 Now:-1211 Err:11 SpdOut:-148 SpdNow:-82 YawOut:-71
Angle Tgt:-1200 Now:-1217 Err:17 SpdOut:-104 SpdNow:-32 YawOut:-75
Angle Tgt:600 Now:-1207 Err:1807 SpdOut:12446 SpdNow:4837 YawOut:1148
Angle Tgt:600 Now:-313 Err:913 SpdOut:6321 SpdNow:6696 YawOut:-46
Angle Tgt:600 Now:142 Err:457 SpdOut:3198 SpdNow:3220 YawOut:-2
Angle Tgt:600 Now:366 Err:233 SpdOut:1663 SpdNow:1530 YawOut:19
Angle Tgt:600 Now:580 Err:19 SpdOut:198 SpdNow:151 YawOut:28
Angle Tgt:600 Now:590 Err:9 SpdOut:129 SpdNow:72 YawOut:32
Angle Tgt:600 Now:595 Err:4 SpdOut:94 SpdNow:36 YawOut:36
Angle Tgt:-600 Now:550 Err:-1150 SpdOut:-8008 SpdNow:-6964 YawOut:-175
Angle Tgt:-600 Now:-35 Err:-564 SpdOut:-3988 SpdNow:-3987 YawOut:-7
Angle Tgt:-600 Now:-314 Err:-285 SpdOut:-2074 SpdNow:-1976 YawOut:-21
Angle Tgt:-600 Now:-561 Err:-38 SpdOut:-384 SpdNow:-311 YawOut:-35
Angle Tgt:-600 Now:-583 Err:-16 SpdOut:-235 SpdNow:-150 YawOut:-41
Angle Tgt:0 Now:-568 Err:568 SpdOut:3872 SpdNow:3665 YawOut:11
Angle Tgt:0 Now:-296 Err:296 SpdOut:2012 SpdNow:1852 YawOut:9
Angle Tgt:0 Now:-162 Err:162 SpdOut:1097 SpdNow:943 YawOut:19
Angle Tgt:0 Now:-92 Err:92 SpdOut:617 SpdNow:556 YawOut:13
Angle Tgt:0 Now:-53 Err:53 SpdOut:351 SpdNow:234 YawOut:25
Angle Tgt:0 Now:-34 Err:34 SpdOut:226 SpdNow:157 YawOut:24
Angle Tgt:0 Now:-12 Err:12 SpdOut:74 SpdNow:61 YawOut:18
Angle Tgt:0 Now:-4 Err:4 SpdOut:22 SpdNow:22 YawOut:18
Angle Tgt:0 Now:-2 Err:2 SpdOut:8 SpdNow:30 YawOut:17
Angle Tgt:0 Now:-2 Err:2 SpdOut:6 SpdNow:0 YawOut:18
Angle Tgt:0 Now:0 Err:0 SpdOut:-13 SpdNow:-5 YawOut:16
Angle Tgt:0 Now:0 Err:0 SpdOut:-11 SpdNow:-2 YawOut:16
Angle Tgt:0 Now:0 Err:0 SpdOut:-10 SpdNow:11 YawOut:14
Angle Tgt:0 Now:0 Err:0 SpdOut:-9 SpdNow:-4 YawOut:16
Angle Tgt:0 Now:0 Err:0 SpdOut:-9 SpdNow:1 YawOut:15
Angle Tgt:0 Now:0 Err:0 SpdOut:-8 SpdNow:-2 YawOut:15
Angle Tgt:0 Now:0 Err:0 SpdOut:-7 SpdNow:-12 YawOut:15
Angle Tgt:0 Now:0 Err:0 SpdOut:-6 SpdNow:10 YawOut:14
Angle Tgt:0 Now:0 Err:0 SpdOut:-4 SpdNow:12 YawOut:14
Angle Tgt:0 Now:0 Err:0 SpdOut:-4 SpdNow:-30 YawOut:17
Angle Tgt:0 Now:0 Err:0 SpdOut:-3 SpdNow:-2 YawOut:15
Angle Tgt:0 Now:-1 Err:1 SpdOut:-2 SpdNow:1 YawOut:15
Angle Tgt:0 Now:-1 Err:1 SpdOut:-1 SpdNow:-8 YawOut:15
Angle Tgt:0 Now:-1 Err:1 SpdOut:0 SpdNow:4 YawOut:15
Angle Tgt:0 Now:-2 Err:2 SpdOut:5 SpdNow:10 YawOut:16
Angle Tgt:0 Now:-1 Err:1 SpdOut:5 SpdNow:24 YawOut:14
Angle Tgt:0 Now:-1 Err:1 SpdOut:5 SpdNow:-2 YawOut:16
Angle Tgt:0 Now:-1 Err:1 SpdOut:5 SpdNow:-3 YawOut:16
Angle Tgt:0 Now:-1 Err:1 SpdOut:5 SpdNow:7 YawOut:16
Angle Tgt:0 Now:-1 Err:1 SpdOut:4 SpdNow:-16 YawOut:18
Angle Tgt:0 Now:-1 Err:1 SpdOut:4 SpdNow:16 YawOut:16
Angle Tgt:0 Now:-1 Err:1 SpdOut:4 SpdNow:-24 YawOut:19
Angle Tgt:0 Now:-1 Err:1 SpdOut:2 SpdNow:-3 YawOut:17
Angle Tgt:0 Now:-1 Err:1 SpdOut:2 SpdNow:-15 YawOut:18
Angle Tgt:0 Now:-1 Err:1 SpdOut:1 SpdNow:0 YawOut:17
Angle Tgt:0 Now:-1 Err:1 SpdOut:2 SpdNow:-8 YawOut:17
Angle Tgt:0 Now:-1 Err:1 SpdOut:2 SpdNow:-19 YawOut:19
Angle Tgt:0 Now:-1 Err:1 SpdOut:2 SpdNow:10 YawOut:17
Angle Tgt:0 Now:-1 Err:1 SpdOut:2 SpdNow:-8 YawOut:17
Angle Tgt:0 Now:-1 Err:1 SpdOut:2 SpdNow:1 YawOut:17
Angle Tgt:0 Now:-1 Err:1 SpdOut:1 SpdNow:7 YawOut:17
Angle Tgt:0 Now:-1 Err:1 SpdOut:1 SpdNow:-14 YawOut:18
Angle Tgt:0 Now:-1 Err:1 SpdOut:1 SpdNow:-18 YawOut:19
Angle Tgt:0 Now:-1 Err:1 SpdOut:1 SpdNow:-10 YawOut:18
Angle Tgt:0 Now:-1 Err:1 SpdOut:2 SpdNow:2 YawOut:18
Angle Tgt:0 Now:-1 Err:1 SpdOut:2 SpdNow:0 YawOut:18
Angle Tgt:0 Now:0 Err:0 SpdOut:1 SpdNow:-4 YawOut:18
Angle Tgt:0 Now:0 Err:0 SpdOut:1 SpdNow:18 YawOut:17
Angle Tgt:0 Now:0 Err:0 SpdOut:1 SpdNow:-14 YawOut:19
Angle Tgt:0 Now:0 Err:0 SpdOut:1 SpdNow:-4 YawOut:18
Angle Tgt:0 Now:0 Err:0 SpdOut:0 SpdNow:-16 YawOut:19
