Rx CB
AP start
OSPI SM IRQ
Polling CB
StatMatch Busy=0 Instr=00
Angle Tgt:0 Now:0 Err:0 SpdOut:6 SpdNow:0 YawOut:0
Angle Tgt:0 Now:-3 Err:3 SpdOut:31 SpdNow:-2 YawOut:4
Angle Tgt:0 Now:-4 Err:4 SpdOut:37 SpdNow:28 YawOut:2
Angle Tgt:0 Now:-3 Err:3 SpdOut:33 SpdNow:1 YawOut:7
Angle Tgt:0 Now:-1 Err:1 SpdOut:13 SpdNow:-7 YawOut:6
Angle Tgt:0 Now:1 Err:-1 SpdOut:-14 SpdNow:-7 YawOut:5
Angle Tgt:0 Now:5 Err:-5 SpdOut:-46 SpdNow:6 YawOut:-1
Angle Tgt:0 Now:3 Err:-3 SpdOut:-32 SpdNow:7 YawOut:-1
Angle Tgt:0 Now:0 Err:0 SpdOut:7 SpdNow:-2 YawOut:2
Angle Tgt:0 Now:2 Err:-2 SpdOut:-25 SpdNow:5 YawOut:0
Angle Tgt:0 Now:2 Err:-2 SpdOut:-19 SpdNow:-9 YawOut:2
Angle Tgt:0 Now:1 Err:-1 SpdOut:-11 SpdNow:14 YawOut:0
Angle Tgt:0 Now:-4 Err:4 SpdOut:35 SpdNow:17 YawOut:3
Angle Tgt:0 Now:-4 Err:4 SpdOut:39 SpdNow:19 YawOut:4
Angle Tgt:0 Now:-8 Err:8 SpdOut:74 SpdNow:11 YawOut:13
Angle Tgt:0 Now:-8 Err:8 SpdOut:73 SpdNow:10 YawOut:16
Angle Tgt:0 Now:-5 Err:5 SpdOut:48 SpdNow:-1 YawOut:17
Angle Tgt:0 Now:-6 Err:6 SpdOut:59 SpdNow:-2 YawOut:21
Angle Tgt:0 Now:-4 Err:4 SpdOut:37 SpdNow:2 YawOut:19
Angle Tgt:0 Now:-4 Err:4 SpdOut:38 SpdNow:-13 YawOut:24
Angle Tgt:0 Now:-4 Err:4 SpdOut:37 SpdNow:-7 YawOut:24
Angle Tgt:0 Now:-1 Err:1 SpdOut:14 SpdNow:0 YawOut:21
Angle Tgt:0 Now:-2 Err:2 SpdOut:21 SpdNow:-3 YawOut:24
Angle Tgt:0 Now:-3 Err:3 SpdOut:30 SpdNow:3 YawOut:25
Angle Tgt:0 Now:-1 Err:1 SpdOut:14 SpdNow:3 YawOut:24
Angle Tgt:0 Now:-1 Err:1 SpdOut:12 SpdNow:7 YawOut:23
Angle Tgt:0 Now:-1 Err:1 SpdOut:9 SpdNow:-1 YawOut:24
Angle Tgt:0 Now:-2 Err:2 SpdOut:24 SpdNow:10 YawOut:25
Angle Tgt:0 Now:-3 Err:3 SpdOut:33 SpdNow:-11 YawOut:31
Angle Tgt:0 Now:-5 Err:5 SpdOut:46 SpdNow:25 YawOut:28
Angle Tgt:0 Now:-3 Err:3 SpdOut:31 SpdNow:3 YawOut:31
Angle Tgt:0 Now:-2 Err:2 SpdOut:17 SpdNow:-5 YawOut:31
Angle Tgt:0 Now:-4 Err:4 SpdOut:35 SpdNow:-1 YawOut:34
Angle Tgt:0 Now:-3 Err:3 SpdOut:29 SpdNow:-10 YawOut:35
Angle Tgt:0 Now:-1 Err:1 SpdOut:10 SpdNow:6 YawOut:32
Angle Tgt:0 Now:-1 Err:1 SpdOut:14 SpdNow:14 YawOut:33
Angle Tgt:0 Now:-4 Err:4 SpdOut:38 SpdNow:7 YawOut:37
Angle Tgt:0 Now:-3 Err:3 SpdOut:29 SpdNow:2 YawOut:37
Angle Tgt:0 Now:-2 Err:2 SpdOut:20 SpdNow:-16 YawOut:39
Angle Tgt:0 Now:-1 Err:1 SpdOut:8 SpdNow:5 YawOut:36
Angle Tgt:0 Now:-1 Err:1 SpdOut:12 SpdNow:1 YawOut:37
Angle Tgt:0 Now:0 Err:0 SpdOut:4 SpdNow:-5 YawOut:37
Angle Tgt:0 Now:0 Err:0 SpdOut:4 SpdNow:-3 YawOut:37
Angle Tgt:0 Now:-1 Err:1 SpdOut:15 SpdNow:18 YawOut:37
Angle Tgt:0 Now:-2 Err:2 SpdOut:23 SpdNow:15 YawOut:38
Angle Tgt:0 Now:-1 Err:1 SpdOut:9 SpdNow:-1 YawOut:39
Angle Tgt:0 Now:0 Err:0 SpdOut:-5 SpdNow:2 YawOut:39
Angle Tgt:0 Now:0 Err:0 SpdOut:3 SpdNow:20 YawOut:38
Angle Tgt:800 Now:97 Err:702 SpdOut:5970 SpdNow:5928 YawOut:85
Angle Tgt:800 Now:454 Err:345 SpdOut:2934 SpdNow:2244 YawOut:214
Angle Tgt:800 Now:567 Err:232 SpdOut:1977 SpdNow:522 YawOut:423
Angle Tgt:800 Now:719 Err:80 SpdOut:683 SpdNow:614 YawOut:253
Angle Tgt:800 Now:804 Err:-4 SpdOut:-37 SpdNow:733 YawOut:101
Angle Tgt:-800 Now:683 Err:-1483 SpdOut:-12607 SpdNow:-11144 YawOut:-156
Angle Tgt:-800 Now:-112 Err:-687 SpdOut:-5846 SpdNow:-5688 YawOut:29
Angle Tgt:-800 Now:-428 Err:-371 SpdOut:-3154 SpdNow:-2801 YawOut:-16
Angle Tgt:-800 Now:-600 Err:-199 SpdOut:-1692 SpdNow:-1394 YawOut:-25
Angle Tgt:-800 Now:-688 Err:-111 SpdOut:-946 SpdNow:-738 YawOut:-28
Angle Tgt:800 Now:-588 Err:1388 SpdOut:11805 SpdNow:11655 YawOut:133
Angle Tgt:800 Now:229 Err:570 SpdOut:4849 SpdNow:5281 YawOut:-13
Angle Tgt:800 Now:548 Err:251 SpdOut:2137 SpdNow:1731 YawOut:105
Angle Tgt:800 Now:654 Err:145 SpdOut:1236 SpdNow:832 YawOut:139
Angle Tgt:800 Now:725 Err:74 SpdOut:634 SpdNow:496 YawOut:111
Angle Tgt:800 Now:759 Err:40 SpdOut:341 SpdNow:188 YawOut:120
Angle Tgt:800 Now:774 Err:25 SpdOut:213 SpdNow:142 YawOut:115
Angle Tgt:800 Now:788 Err:11 SpdOut:95 SpdNow:191 YawOut:94
Angle Tgt:800 Now:797 Err:2 SpdOut:17 SpdNow:53 YawOut:101
Angle Tgt:-800 Now:622 Err:-1422 SpdOut:-12088 SpdNow:-10399 YawOut:-306
Angle Tgt:-800 Now:-206 Err:-593 SpdOut:-5042 SpdNow:-5553 YawOut:33
Angle Tgt:-800 Now:-555 Err:-244 SpdOut:-2077 SpdNow:-2217 YawOut:-5
Angle Tgt:-800 Now:-691 Err:-108 SpdOut:-926 SpdNow:-862 YawOut:-29
Angle Tgt:-800 Now:-744 Err:-55 SpdOut:-475 SpdNow:-399 YawOut:-35
Angle Tgt:-800 Now:-773 Err:-26 SpdOut:-221 SpdNow:-270 YawOut:-21
Angle Tgt:-800 Now:-792 Err:-7 SpdOut:-65 SpdNow:-130 YawOut:-15
Angle Tgt:-800 Now:-798 Err:-1 SpdOut:-9 SpdNow:-23 YawOut:-21
Angle Tgt:-800 Now:-800 Err:0 SpdOut:4 SpdNow:-16 YawOut:-19
Angle Tgt:-800 Now:-800 Err:0 SpdOut:7 SpdNow:6 YawOut:-21
Angle Tgt:800 Now:-535 Err:1335 SpdOut:11347 SpdNow:12193 YawOut:-29
Angle Tgt:800 Now:267 Err:532 SpdOut:4522 SpdNow:4947 YawOut:-28
Angle Tgt:800 Now:565 Err:234 SpdOut:1996 SpdNow:1900 YawOut:43
Angle Tgt:800 Now:681 Err:118 SpdOut:1009 SpdNow:748 YawOut:82
Angle Tgt:800 Now:739 Err:60 SpdOut:511 SpdNow:387 YawOut:70
Angle Tgt:-800 Now:481 Err:-1281 SpdOut:-10889 SpdNow:-11792 YawOut:78
Angle Tgt:-800 Now:-272 Err:-527 SpdOut:-4484 SpdNow:-4732 YawOut:24
Angle Tgt:-800 Now:-562 Err:-237 SpdOut:-2021 SpdNow:-1987 YawOut:-11
Angle Tgt:-800 Now:-680 Err:-119 SpdOut:-1018 SpdNow:-811 YawOut:-44
Angle Tgt:-800 Now:-732 Err:-67 SpdOut:-573 SpdNow:-440 YawOut:-44
Angle Tgt:-800 Now:-766 Err:-33 SpdOut:-284 SpdNow:-279 YawOut:-28
Angle Tgt:-800 Now:-782 Err:-17 SpdOut:-152 SpdNow:-95 YawOut:-37
Angle Tgt:-800 Now:-788 Err:-11 SpdOut:-99 SpdNow:-57 YawOut:-38
Angle Tgt:-800 Now:-792 Err:-7 SpdOut:-63 SpdNow:-46 YawOut:-35
Angle Tgt:-800 Now:-796 Err:-3 SpdOut:-29 SpdNow:-68 YawOut:-30
Angle Tgt:800 Now:-497 Err:1297 SpdOut:11027 SpdNow:12106 YawOut:-79
Angle Tgt:800 Now:284 Err:515 SpdOut:4379 SpdNow:4780 YawOut:-33
Angle Tgt:800 Now:575 Err:224 SpdOut:1906 SpdNow:1863 YawOut:23
Angle Tgt:800 Now:694 Err:105 SpdOut:892 SpdNow:700 YawOut:52
Angle Tgt:800 Now:771 Err:28 SpdOut:240 SpdNow:120 YawOut:53
Angle Tgt:800 Now:779 Err:20 SpdOut:174 SpdNow:25 YawOut:65
Angle Tgt:800 Now:781 Err:18 SpdOut:159 SpdNow:11 YawOut:74
Angle Tgt:800 Now:785 Err:14 SpdOut:124 SpdNow:40 YawOut:70
Angle Tgt:800 Now:793 Err:6 SpdOut:59 SpdNow:110 YawOut:54
Angle Tgt:-800 Now:428 Err:-1228 SpdOut:-10441 SpdNow:-11586 YawOut:120
Angle Tgt:-800 Now:-295 Err:-504 SpdOut:-4286 SpdNow:-4535 YawOut:27
Angle Tgt:-800 Now:-570 Err:-229 SpdOut:-1948 SpdNow:-1995 YawOut:1
Angle Tgt:-800 Now:-684 Err:-115 SpdOut:-983 SpdNow:-810 YawOut:-35
Angle Tgt:-800 Now:-742 Err:-57 SpdOut:-490 SpdNow:-482 YawOut:-13
Angle Tgt:800 Now:-375 Err:1175 SpdOut:9988 SpdNow:11723 YawOut:-168
Angle Tgt:800 Now:340 Err:459 SpdOut:3904 SpdNow:4295 YawOut:-24
Angle Tgt:800 Now:606 Err:193 SpdOut:1641 SpdNow:1686 YawOut:17
Angle Tgt:800 Now:711 Err:88 SpdOut:754 SpdNow:638 YawOut:41
Angle Tgt:800 Now:751 Err:48 SpdOut:408 SpdNow:276 YawOut:52
Angle Tgt:-800 Now:363 Err:-1163 SpdOut:-9887 SpdNow:-11031 YawOut:106
Angle Tgt:-800 Now:-326 Err:-473 SpdOut:-4026 SpdNow:-4306 YawOut:21
Angle Tgt:-800 Now:-590 Err:-209 SpdOut:-1779 SpdNow:-1743 YawOut:-15
Angle Tgt:-800 Now:-699 Err:-100 SpdOut:-858 SpdNow:-913 YawOut:-7
Angle Tgt:-800 Now:-751 Err:-48 SpdOut:-415 SpdNow:-386 YawOut:-18
Angle Tgt:800 Now:-349 Err:1149 SpdOut:9770 SpdNow:11585 YawOut:-185
Angle Tgt:800 Now:348 Err:451 SpdOut:3841 SpdNow:4173 YawOut:-16
Angle Tgt:800 Now:716 Err:83 SpdOut:712 SpdNow:647 YawOut:29
Angle Tgt:800 Now:756 Err:43 SpdOut:369 SpdNow:219 YawOut:48
Angle Tgt:-800 Now:317 Err:-1117 SpdOut:-9498 SpdNow:-10576 YawOut:94
Angle Tgt:-800 Now:-345 Err:-454 SpdOut:-3861 SpdNow:-4064 YawOut:6
Angle Tgt:-800 Now:-598 Err:-201 SpdOut:-1716 SpdNow:-1668 YawOut:-20
Angle Tgt:-800 Now:-706 Err:-93 SpdOut:-794 SpdNow:-781 YawOut:-16
Angle Tgt:-800 Now:-754 Err:-45 SpdOut:-384 SpdNow:-326 YawOut:-23
Angle Tgt:-800 Now:-771 Err:-28 SpdOut:-240 SpdNow:-129 YawOut:-37
Angle Tgt:-800 Now:-780 Err:-19 SpdOut:-162 SpdNow:-98 YawOut:-36
Angle Tgt:-800 Now:-787 Err:-12 SpdOut:-105 SpdNow:-60 YawOut:-36
Angle Tgt:-800 Now:-792 Err:-7 SpdOut:-67 SpdNow:-40 YawOut:-35
Angle Tgt:-800 Now:-794 Err:-5 SpdOut:-44 SpdNow:-18 YawOut:-36
Angle Tgt:800 Now:-277 Err:1077 SpdOut:9159 SpdNow:10607 YawOut:-154
Angle Tgt:800 Now:361 Err:438 SpdOut:3726 SpdNow:3939 YawOut:-11
Angle Tgt:800 Now:612 Err:187 SpdOut:1593 SpdNow:1508 YawOut:23
Angle Tgt:800 Now:715 Err:84 SpdOut:714 SpdNow:640 YawOut:24
Angle Tgt:800 Now:759 Err:40 SpdOut:345 SpdNow:305 YawOut:23
Angle Tgt:-800 Now:239 Err:-1039 SpdOut:-8835 SpdNow:-9812 YawOut:75
Angle Tgt:-800 Now:-372 Err:-427 SpdOut:-3631 SpdNow:-3894 YawOut:10
Angle Tgt:-800 Now:-612 Err:-187 SpdOut:-1597 SpdNow:-1624 YawOut:-16
Angle Tgt:-800 Now:-715 Err:-84 SpdOut:-721 SpdNow:-712 YawOut:-16
Angle Tgt:-800 Now:-752 Err:-47 SpdOut:-402 SpdNow:-304 YawOut:-36
Angle Tgt:800 Now:-208 Err:1008 SpdOut:8575 SpdNow:9800 YawOut:-118
Angle Tgt:800 Now:396 Err:403 SpdOut:3427 SpdNow:3654 YawOut:-9
Angle Tgt:800 Now:629 Err:170 SpdOut:1451 SpdNow:1377 YawOut:24
Angle Tgt:800 Now:722 Err:77 SpdOut:655 SpdNow:666 YawOut:18
Angle Tgt:800 Now:763 Err:36 SpdOut:313 SpdNow:233 YawOut:31
Angle Tgt:0 Now:484 Err:-484 SpdOut:-4114 SpdNow:-4255 YawOut:9
Angle Tgt:0 Now:207 Err:-207 SpdOut:-1759 SpdNow:-1668 YawOut:-15
Angle Tgt:0 Now:95 Err:-95 SpdOut:-812 SpdNow:-742 YawOut:-16
Angle Tgt:0 Now:48 Err:-48 SpdOut:-416 SpdNow:-322 YawOut:-26
Angle Tgt:0 Now:28 Err:-28 SpdOut:-243 SpdNow:-141 YawOut:-33
Angle Tgt:0 Now:18 Err:-18 SpdOut:-155 SpdNow:-80 YawOut:-33
Angle Tgt:0 Now:12 Err:-12 SpdOut:-107 SpdNow:-37 YawOut:-36
Angle Tgt:0 Now:9 Err:-9 SpdOut:-80 SpdNow:-36 YawOut:-36
Angle Tgt:0 Now:7 Err:-7 SpdOut:-60 SpdNow:7 YawOut:-42
Angle Tgt:0 Now:5 Err:-5 SpdOut:-45 SpdNow:-28 YawOut:-36
Angle Tgt:500 Now:191 Err:308 SpdOut:2618 SpdNow:2587 YawOut:-4
Angle Tgt:500 Now:363 Err:136 SpdOut:1163 SpdNow:1011 YawOut:16
Angle Tgt:500 Now:430 Err:69 SpdOut:593 SpdNow:470 YawOut:22
Angle Tgt:500 Now:465 Err:34 SpdOut:289 SpdNow:225 YawOut:17
Angle Tgt:500 Now:481 Err:18 SpdOut:159 SpdNow:105 YawOut:19
Angle Tgt:500 Now:488 Err:11 SpdOut:96 SpdNow:54 YawOut:20
Angle Tgt:500 Now:492 Err:7 SpdOut:65 SpdNow:25 YawOut:22
Angle Tgt:500 Now:494 Err:5 SpdOut:45 SpdNow:38 YawOut:19
Angle Tgt:500 Now:496 Err:3 SpdOut:32 SpdNow:1 YawOut:23
Angle Tgt:500 Now:496 Err:3 SpdOut:32 SpdNow:6 YawOut:24
Angle Tgt:-500 Now:85 Err:-585 SpdOut:-4974 SpdNow:-5383 YawOut:40
Angle Tgt:-500 Now:-247 Err:-252 SpdOut:-2149 SpdNow:-2043 YawOut:-25
Angle Tgt:-500 Now:-371 Err:-128 SpdOut:-1089 SpdNow:-918 YawOut:-48
Angle Tgt:-500 Now:-432 Err:-67 SpdOut:-570 SpdNow:-460 YawOut:-47
Angle Tgt:-500 Now:-463 Err:-36 SpdOut:-306 SpdNow:-245 YawOut:-45
Angle Tgt:-500 Now:-478 Err:-21 SpdOut:-185 SpdNow:-106 YawOut:-53
Angle Tgt:-500 Now:-485 Err:-14 SpdOut:-126 SpdNow:-57 YawOut:-55
Angle Tgt:-500 Now:-489 Err:-10 SpdOut:-85 SpdNow:-30 YawOut:-56
Angle Tgt:-500 Now:-492 Err:-7 SpdOut:-64 SpdNow:-20 YawOut:-57
Angle Tgt:-500 Now:-495 Err:-4 SpdOut:-40 SpdNow:-10 YawOut:-56
Angle Tgt:1000 Now:138 Err:861 SpdOut:7326 SpdNow:7934 YawOut:-65
Angle Tgt:1000 Now:631 Err:368 SpdOut:3132 SpdNow:2942 YawOut:37
Angle Tgt:1000 Now:828 Err:171 SpdOut:1460 SpdNow:1281 YawOut:45
Angle Tgt:1000 Now:911 Err:88 SpdOut:752 SpdNow:513 YawOut:68
Angle Tgt:1000 Now:949 Err:50 SpdOut:432 SpdNow:269 YawOut:69
Angle Tgt:1000 Now:972 Err:27 SpdOut:229 SpdNow:186 YawOut:56
Angle Tgt:1000 Now:985 Err:14 SpdOut:120 SpdNow:77 YawOut:59
Angle Tgt:1000 Now:991 Err:8 SpdOut:74 SpdNow:46 YawOut:59
Angle Tgt:1000 Now:993 Err:6 SpdOut:52 SpdNow:30 YawOut:59
Angle Tgt:1000 Now:995 Err:4 SpdOut:38 SpdNow:-1 YawOut:64
Angle Tgt:-1000 Now:100 Err:-1100 SpdOut:-9353 SpdNow:-10820 YawOut:151
Angle Tgt:-1000 Now:-532 Err:-467 SpdOut:-3971 SpdNow:-4037 YawOut:-21
Angle Tgt:-1000 Now:-771 Err:-228 SpdOut:-1939 SpdNow:-1760 YawOut:-57
Angle Tgt:-1000 Now:-880 Err:-119 SpdOut:-1014 SpdNow:-890 YawOut:-56
Angle Tgt:-1000 Now:-955 Err:-44 SpdOut:-377 SpdNow:-203 YawOut:-84
Angle Tgt:-1000 Now:-971 Err:-28 SpdOut:-240 SpdNow:-133 YawOut:-81
Angle Tgt:-1000 Now:-980 Err:-19 SpdOut:-167 SpdNow:-66 YawOut:-86
Angle Tgt:-1000 Now:-985 Err:-14 SpdOut:-119 SpdNow:-51 YawOut:-86
Angle Tgt:-1000 Now:-989 Err:-10 SpdOut:-86 SpdNow:-33 YawOut:-87
Angle Tgt:1500 Now:136 Err:1363 SpdOut:11593 SpdNow:13368 YawOut:-155
Angle Tgt:1500 Now:948 Err:551 SpdOut:4686 SpdNow:4977 YawOut:9
Angle Tgt:1500 Now:1259 Err:240 SpdOut:2048 SpdNow:1901 YawOut:67
Angle Tgt:1500 Now:1382 Err:117 SpdOut:997 SpdNow:758 YawOut:93
Angle Tgt:1500 Now:1433 Err:66 SpdOut:564 SpdNow:279 YawOut:115
Angle Tgt:1500 Now:1454 Err:45 SpdOut:383 SpdNow:168 YawOut:121
Angle Tgt:1500 Now:1470 Err:29 SpdOut:249 SpdNow:131 YawOut:116
Angle Tgt:1500 Now:1482 Err:17 SpdOut:151 SpdNow:102 YawOut:111
Angle Tgt:1500 Now:1489 Err:10 SpdOut:90 SpdNow:38 YawOut:114
Angle Tgt:1500 Now:1493 Err:6 SpdOut:56 SpdNow:36 YawOut:111
Angle Tgt:-1000 Now:325 Err:-1325 SpdOut:-11266 SpdNow:-12908 YawOut:161
Angle Tgt:-1000 Now:-434 Err:-565 SpdOut:-4804 SpdNow:-5056 YawOut:2
Angle Tgt:-1000 Now:-728 Err:-271 SpdOut:-2309 SpdNow:-2261 YawOut:-37
Angle Tgt:-1000 Now:-860 Err:-139 SpdOut:-1181 SpdNow:-944 YawOut:-71
Angle Tgt:-1000 Now:-919 Err:-80 SpdOut:-685 SpdNow:-489 YawOut:-78
Angle Tgt:-1000 Now:-952 Err:-47 SpdOut:-406 SpdNow:-295 YawOut:-75
Angle Tgt:-1000 Now:-974 Err:-25 SpdOut:-218 SpdNow:-181 YawOut:-67
Angle Tgt:-1000 Now:-986 Err:-13 SpdOut:-115 SpdNow:-72 YawOut:-69
Angle Tgt:-1000 Now:-991 Err:-8 SpdOut:-70 SpdNow:-32 YawOut:-70
Angle Tgt:-1000 Now:-994 Err:-5 SpdOut:-49 SpdNow:-28 YawOut:-69
Angle Tgt:800 Now:-113 Err:913 SpdOut:7765 SpdNow:8574 YawOut:-87
Angle Tgt:800 Now:422 Err:377 SpdOut:3207 SpdNow:3384 YawOut:-19
Angle Tgt:800 Now:631 Err:168 SpdOut:1432 SpdNow:1317 YawOut:22
Angle Tgt:800 Now:719 Err:80 SpdOut:686 SpdNow:500 YawOut:39
Angle Tgt:800 Now:755 Err:44 SpdOut:381 SpdNow:232 YawOut:43
Angle Tgt:800 Now:771 Err:28 SpdOut:243 SpdNow:115 YawOut:49
Angle Tgt:800 Now:780 Err:19 SpdOut:168 SpdNow:63 YawOut:52
Angle Tgt:800 Now:786 Err:13 SpdOut:116 SpdNow:64 YawOut:49
Angle Tgt:800 Now:790 Err:9 SpdOut:78 SpdNow:54 YawOut:47
Angle Tgt:800 Now:793 Err:6 SpdOut:54 SpdNow:18 YawOut:51
Angle Tgt:-800 Now:-43 Err:-756 SpdOut:-6429 SpdNow:-7044 YawOut:62
Angle Tgt:-800 Now:-466 Err:-333 SpdOut:-2832 SpdNow:-2777 YawOut:-24
Angle Tgt:-800 Now:-635 Err:-164 SpdOut:-1400 SpdNow:-1171 YawOut:-59
Angle Tgt:-800 Now:-711 Err:-88 SpdOut:-750 SpdNow:-625 YawOut:-56
Angle Tgt:-800 Now:-751 Err:-48 SpdOut:-411 SpdNow:-295 YawOut:-61
Angle Tgt:-800 Now:-770 Err:-29 SpdOut:-247 SpdNow:-159 YawOut:-63
Angle Tgt:-800 Now:-781 Err:-18 SpdOut:-158 SpdNow:-60 YawOut:-70
Angle Tgt:-800 Now:-787 Err:-12 SpdOut:-103 SpdNow:-47 YawOut:-67
Angle Tgt:-800 Now:-791 Err:-8 SpdOut:-68 SpdNow:-19 YawOut:-67
Angle Tgt:-800 Now:-794 Err:-5 SpdOut:-45 SpdNow:-33 YawOut:-63
Angle Tgt:1200 Now:276 Err:923 SpdOut:7850 SpdNow:8817 YawOut:-95
Angle Tgt:1200 Now:817 Err:382 SpdOut:3255 SpdNow:3349 YawOut:7
Angle Tgt:1200 Now:1030 Err:169 SpdOut:1437 SpdNow:1229 YawOut:49
Angle Tgt:1200 Now:1176 Err:23 SpdOut:200 SpdNow:129 YawOut:51
Angle Tgt:1200 Now:1184 Err:15 SpdOut:128 SpdNow:41 YawOut:58
Angle Tgt:1200 Now:1189 Err:10 SpdOut:86 SpdNow:30 YawOut:57
Angle Tgt:1200 Now:1192 Err:7 SpdOut:59 SpdNow:11 YawOut:58
Angle Tgt:-1200 Now:1193 Err:-2393 SpdOut:-20348 SpdNow:-823 YawOut:-1650
Angle Tgt:-1200 Now:-136 Err:-1063 SpdOut:-9042 SpdNow:-10250 YawOut:79
Angle Tgt:-1200 Now:-989 Err:-210 SpdOut:-1790 SpdNow:-1688 YawOut:-68
Angle Tgt:-1200 Now:-1087 Err:-112 SpdOut:-957 SpdNow:-742 YawOut:-94
Angle Tgt:-1200 Now:-1134 Err:-65 SpdOut:-558 SpdNow:-453 YawOut:-89
Angle Tgt:-1200 Now:-1161 Err:-38 SpdOut:-324 SpdNow:-227 YawOut:-94
Angle Tgt:-1200 Now:-1178 Err:-21 SpdOut:-186 SpdNow:-113 YawOut:-95
Angle Tgt:-1200 Now:-1186 Err:-13 SpdOut:-114 SpdNow:-85 YawOut:-91
Angle Tgt:-1200 Now:-1191 Err:-8 SpdOut:-71 SpdNow:-35 YawOut:-94
Angle Tgt:600 Now:-1176 Err:1776 SpdOut:15101 SpdNow:4954 YawOut:1522
Angle Tgt:600 Now:-167 Err:767 SpdOut:6527 SpdNow:7238 YawOut:-100
Angle Tgt:600 Now:272 Err:327 SpdOut:2787 SpdNow:2836 YawOut:-16
Angle Tgt:600 Now:449 Err:150 SpdOut:1279 SpdNow:1186 YawOut:8
Angle Tgt:600 Now:525 Err:74 SpdOut:631 SpdNow:505 YawOut:21
Angle Tgt:600 Now:556 Err:43 SpdOut:372 SpdNow:203 YawOut:37
Angle Tgt:600 Now:581 Err:18 SpdOut:154 SpdNow:66 YawOut:40
Angle Tgt:600 Now:588 Err:11 SpdOut:98 SpdNow:77 YawOut:33
Angle Tgt:600 Now:592 Err:7 SpdOut:62 SpdNow:32 YawOut:36
Angle Tgt:-600 Now:555 Err:-1155 SpdOut:-9823 SpdNow:-7125 YawOut:-438
Angle Tgt:-600 Now:-114 Err:-485 SpdOut:-4127 SpdNow:-4301 YawOut:11
Angle Tgt:-600 Now:-378 Err:-221 SpdOut:-1882 SpdNow:-1724 YawOut:-37
Angle Tgt:-600 Now:-487 Err:-112 SpdOut:-953 SpdNow:-702 YawOut:-60
Angle Tgt:-600 Now:-534 Err:-65 SpdOut:-554 SpdNow:-389 YawOut:-61
Angle Tgt:-600 Now:-558 Err:-41 SpdOut:-352 SpdNow:-184 YawOut:-72
Angle Tgt:-600 Now:-571 Err:-28 SpdOut:-240 SpdNow:-106 YawOut:-76
Angle Tgt:-600 Now:-581 Err:-18 SpdOut:-155 SpdNow:-90 YawOut:-70
Angle Tgt:-600 Now:-589 Err:-10 SpdOut:-92 SpdNow:-57 YawOut:-68
Angle Tgt:-600 Now:-594 Err:-5 SpdOut:-47 SpdNow:-42 YawOut:-65
Angle Tgt:0 Now:-558 Err:558 SpdOut:4750 SpdNow:4331 YawOut:26
Angle Tgt:0 Now:-242 Err:242 SpdOut:2058 SpdNow:1920 YawOut:-12
Angle Tgt:0 Now:-61 Err:61 SpdOut:519 SpdNow:451 YawOut:0
Angle Tgt:0 Now:-30 Err:30 SpdOut:261 SpdNow:180 YawOut:5
Angle Tgt:0 Now:-19 Err:19 SpdOut:163 SpdNow:74 YawOut:11
Angle Tgt:0 Now:-14 Err:14 SpdOut:119 SpdNow:28 YawOut:17
Angle Tgt:0 Now:-10 Err:10 SpdOut:91 SpdNow:16 YawOut:19
Angle Tgt:0 Now:-3 Err:3 SpdOut:31 SpdNow:-7 YawOut:21
Angle Tgt:0 Now:-2 Err:2 SpdOut:24 SpdNow:21 YawOut:17
Angle Tgt:0 Now:-2 Err:2 SpdOut:17 SpdNow:-5 YawOut:19
Angle Tgt:0 Now:-1 Err:1 SpdOut:12 SpdNow:8 YawOut:18
Angle Tgt:0 Now:-1 Err:1 SpdOut:9 SpdNow:5 YawOut:18
Angle Tgt:0 Now:0 Err:0 SpdOut:5 SpdNow:0 YawOut:18
Angle Tgt:0 Now:0 Err:0 SpdOut:2 SpdNow:-2 YawOut:18
Angle Tgt:0 Now:0 Err:0 SpdOut:1 SpdNow:0 YawOut:18
Angle Tgt:0 Now:0 Err:0 SpdOut:0 SpdNow:18 YawOut:17
Angle Tgt:0 Now:0 Err:0 SpdOut:0 SpdNow:-25 YawOut:20
Angle Tgt:0 Now:0 Err:0 SpdOut:-2 SpdNow:6 YawOut:18
Angle Tgt:0 Now:0 Err:0 SpdOut:-3 SpdNow:0 YawOut:18
Angle Tgt:0 Now:0 Err:0 SpdOut:-3 SpdNow:10 YawOut:17
Angle Tgt:0 Now:0 Err:0 SpdOut:-2 SpdNow:5 YawOut:18
Angle Tgt:0 Now:0 Err:0 SpdOut:-2 SpdNow:-1 YawOut:18
Angle Tgt:0 Now:0 Err:0 SpdOut:-2 SpdNow:-8 YawOut:18
Angle Tgt:0 Now:0 Err:0 SpdOut:-2 SpdNow:-20 YawOut:19
Angle Tgt:0 Now:0 Err:0 SpdOut:-2 SpdNow:-2 YawOut:18
Angle Tgt:0 Now:0 Err:0 SpdOut:-2 SpdNow:38 YawOut:13
Angle Tgt:0 Now:0 Err:0 SpdOut:-2 SpdNow:21 YawOut:15
Angle Tgt:0 Now:0 Err:0 SpdOut:-1 SpdNow:-12 YawOut:18
Angle Tgt:0 Now:0 Err:0 SpdOut:-1 SpdNow:5 YawOut:17
Angle Tgt:0 Now:0 Err:0 SpdOut:0 SpdNow:7 YawOut:17
Angle Tgt:0 Now:0 Err:0 SpdOut:0 SpdNow:-8 YawOut:17
Angle Tgt:0 Now:0 Err:0 SpdOut:0 SpdNow:-4 YawOut:17
Angle Tgt:0 Now:0 Err:0 SpdOut:0 SpdNow:3 YawOut:17
Angle Tgt:0 Now:0 Err:0 SpdOut:0 SpdNow:-3 YawOut:17
Angle Tgt:0 Now:0 Err:0 SpdOut:0 SpdNow:5 YawOut:17
Angle Tgt:0 Now:0 Err:0 SpdOut:-1 SpdNow:6 YawOut:17
Angle Tgt:0 Now:0 Err:0 SpdOut:-1 SpdNow:7 YawOut:17
Angle Tgt:0 Now:0 Err:0 SpdOut:-1 SpdNow:-12 YawOut:17
Angle Tgt:0 Now:0 Err:0 SpdOut:-1 SpdNow:10 YawOut:17
Angle Tgt:0 Now:0 Err:0 SpdOut:-1 SpdNow:17 YawOut:16
Angle Tgt:0 Now:0 Err:0 SpdOut:-1 SpdNow:-5 YawOut:17
Angle Tgt:0 Now:0 Err:0 SpdOut:0 SpdNow:0 YawOut:17
Angle Tgt:0 Now:0 Err:0 SpdOut:0 SpdNow:14 YawOut:17
Angle Tgt:0 Now:0 Err:0 SpdOut:-1 SpdNow:14 YawOut:16
Angle Tgt:0 Now:0 Err:0 SpdOut:-1 SpdNow:6 YawOut:17
Angle Tgt:0 Now:0 Err:0 SpdOut:-1 SpdNow:7 YawOut:17
Angle Tgt:0 Now:0 Err:0 SpdOut:-1 SpdNow:4 YawOut:17
Angle Tgt:0 Now:0 Err:0 SpdOut:-2 SpdNow:2 YawOut:17
Angle Tgt:0 Now:0 Err:0 SpdOut:-2 SpdNow:3 YawOut:17
Angle Tgt:0 Now:0 Err:0 SpdOut:-2 SpdNow:1 YawOut:17
Angle Tgt:0 Now:0 Err:0 SpdOut:-2 SpdNow:18 YawOut:15
Angle Tgt:0 Now:0 Err:0 SpdOut:-1 SpdNow:0 YawOut:17
Angle Tgt:0 Now:0 Err:0 SpdOut:0 SpdNow:-5 YawOut:17
Angle Tgt:0 Now:0 Err:0 SpdOut:0 SpdNow:6 YawOut:17
Angle Tgt:0 Now:0 Err:0 SpdOut:0 SpdNow:3 YawOut:17
Angle Tgt:0 Now:0 Err:0 SpdOut:0 SpdNow:-4 YawOut:17
Angle Tgt:0 Now:0 Err:0 SpdOut:0 SpdNow:-17 YawOut:18
Angle Tgt:0 Now:0 Err:0 SpdOut:0 SpdNow:-14 YawOut:18
Angle Tgt:0 Now:0 Err:0 SpdOut:0 SpdNow:11 YawOut:17
Angle Tgt:0 Now:0 Err:0 SpdOut:0 SpdNow:1 YawOut:17
Angle Tgt:0 Now:0 Err:0 SpdOut:0 SpdNow:-7 YawOut:17
Angle Tgt:0 Now:0 Err:0 SpdOut:-1 SpdNow:4 YawOut:17
Angle Tgt:0 Now:0 Err:0 SpdOut:-1 SpdNow:-26 YawOut:19
Angle Tgt:0 Now:0 Err:0 SpdOut:-1 SpdNow:-1 YawOut:17
Angle Tgt:0 Now:0 Err:0 SpdOut:-2 SpdNow:-7 YawOut:17
Angle Tgt:0 Now:0 Err:0 SpdOut:-2 SpdNow:7 YawOut:17
